../Core/Src/hal.c:54:13:hal_io_init	4	static
../Core/Src/hal.c:59:6:hal_pin_rxtx	16	static
../Core/Src/hal.c:69:6:hal_pin_nss	16	static
../Core/Src/hal.c:74:6:hal_pin_rst	56	static
../Core/Src/hal.c:96:6:HAL_GPIO_EXTI_Callback	16	static
../Core/Src/hal.c:116:6:hal_spi_init	4	static
../Core/Src/hal.c:121:6:hal_spi	32	static
../Core/Src/hal.c:132:13:hal_time_init	4	static
../Core/Src/hal.c:136:6:hal_ticks	16	static
../Core/Src/hal.c:151:13:deltaticks	24	static
../Core/Src/hal.c:159:6:hal_waitUntil	16	static
../Core/Src/hal.c:164:6:hal_checkTimer	24	static
../Core/Src/hal.c:178:6:HAL_TIM_PeriodElapsedCallback	16	static
../Core/Src/hal.c:186:6:hal_disableIRQs	4	static,ignoring_inline_asm
../Core/Src/hal.c:192:6:hal_enableIRQs	4	static,ignoring_inline_asm
../Core/Src/hal.c:199:6:hal_sleep	4	static,ignoring_inline_asm
../Core/Src/hal.c:210:6:hal_init	8	static
../Core/Src/hal.c:222:6:hal_failed	8	static
