../Core/Src/main.c:77:6:os_getArtEui	16	static
../Core/Src/main.c:82:6:os_getDevEui	16	static
../Core/Src/main.c:87:6:os_getDevKey	24	static
../Core/Src/main.c:91:6:initsensor	4	static
../Core/Src/main.c:94:6:readsensor	16	static
../Core/Src/main.c:102:13:reportfunc	24	static
../Core/Src/main.c:117:6:initfunc	56	static
../Core/Src/main.c:169:6:onEvent	16	static
../Core/Src/main.c:242:5:main	24	static
../Core/Src/main.c:303:6:SystemClock_Config	88	static
../Core/Src/main.c:350:13:MX_SPI1_Init	8	static
../Core/Src/main.c:388:13:MX_TIM4_Init	48	static
../Core/Src/main.c:436:13:MX_USART1_UART_Init	8	static
../Core/Src/main.c:469:13:MX_GPIO_Init	48	static
../Core/Src/main.c:542:6:Error_Handler	4	static,ignoring_inline_asm
../Core/Src/main.c:561:6:assert_failed	16	static
