Archive member included to satisfy reference by file (symbol)

d:/users/hp/stm32cubeide_1.12.1/stm32cubeide/plugins/com.st.stm32cube.ide.mcu.externaltools.gnu-tools-for-stm32.10.3-2021.10.win32_1.0.200.202301161003/tools/bin/../lib/gcc/arm-none-eabi/10.3.1/../../../../arm-none-eabi/lib/thumb/v7e-m+fp/hard\libc_nano.a(lib_a-errno.o)
                              ./Core/Src/syscalls.o (__errno)
d:/users/hp/stm32cubeide_1.12.1/stm32cubeide/plugins/com.st.stm32cube.ide.mcu.externaltools.gnu-tools-for-stm32.10.3-2021.10.win32_1.0.200.202301161003/tools/bin/../lib/gcc/arm-none-eabi/10.3.1/../../../../arm-none-eabi/lib/thumb/v7e-m+fp/hard\libc_nano.a(lib_a-exit.o)
                              d:/users/hp/stm32cubeide_1.12.1/stm32cubeide/plugins/com.st.stm32cube.ide.mcu.externaltools.gnu-tools-for-stm32.10.3-2021.10.win32_1.0.200.202301161003/tools/bin/../lib/gcc/arm-none-eabi/10.3.1/../../../../arm-none-eabi/lib/thumb/v7e-m+fp/hard/crt0.o (exit)
d:/users/hp/stm32cubeide_1.12.1/stm32cubeide/plugins/com.st.stm32cube.ide.mcu.externaltools.gnu-tools-for-stm32.10.3-2021.10.win32_1.0.200.202301161003/tools/bin/../lib/gcc/arm-none-eabi/10.3.1/../../../../arm-none-eabi/lib/thumb/v7e-m+fp/hard\libc_nano.a(lib_a-impure.o)
                              d:/users/hp/stm32cubeide_1.12.1/stm32cubeide/plugins/com.st.stm32cube.ide.mcu.externaltools.gnu-tools-for-stm32.10.3-2021.10.win32_1.0.200.202301161003/tools/bin/../lib/gcc/arm-none-eabi/10.3.1/../../../../arm-none-eabi/lib/thumb/v7e-m+fp/hard\libc_nano.a(lib_a-exit.o) (_global_impure_ptr)
d:/users/hp/stm32cubeide_1.12.1/stm32cubeide/plugins/com.st.stm32cube.ide.mcu.externaltools.gnu-tools-for-stm32.10.3-2021.10.win32_1.0.200.202301161003/tools/bin/../lib/gcc/arm-none-eabi/10.3.1/../../../../arm-none-eabi/lib/thumb/v7e-m+fp/hard\libc_nano.a(lib_a-init.o)
                              d:/users/hp/stm32cubeide_1.12.1/stm32cubeide/plugins/com.st.stm32cube.ide.mcu.externaltools.gnu-tools-for-stm32.10.3-2021.10.win32_1.0.200.202301161003/tools/bin/../lib/gcc/arm-none-eabi/10.3.1/../../../../arm-none-eabi/lib/thumb/v7e-m+fp/hard/crt0.o (__libc_init_array)
d:/users/hp/stm32cubeide_1.12.1/stm32cubeide/plugins/com.st.stm32cube.ide.mcu.externaltools.gnu-tools-for-stm32.10.3-2021.10.win32_1.0.200.202301161003/tools/bin/../lib/gcc/arm-none-eabi/10.3.1/../../../../arm-none-eabi/lib/thumb/v7e-m+fp/hard\libc_nano.a(lib_a-memcpy-stub.o)
                              ./Core/Src/lmic.o (memcpy)
d:/users/hp/stm32cubeide_1.12.1/stm32cubeide/plugins/com.st.stm32cube.ide.mcu.externaltools.gnu-tools-for-stm32.10.3-2021.10.win32_1.0.200.202301161003/tools/bin/../lib/gcc/arm-none-eabi/10.3.1/../../../../arm-none-eabi/lib/thumb/v7e-m+fp/hard\libc_nano.a(lib_a-memset.o)
                              d:/users/hp/stm32cubeide_1.12.1/stm32cubeide/plugins/com.st.stm32cube.ide.mcu.externaltools.gnu-tools-for-stm32.10.3-2021.10.win32_1.0.200.202301161003/tools/bin/../lib/gcc/arm-none-eabi/10.3.1/../../../../arm-none-eabi/lib/thumb/v7e-m+fp/hard/crt0.o (memset)
d:/users/hp/stm32cubeide_1.12.1/stm32cubeide/plugins/com.st.stm32cube.ide.mcu.externaltools.gnu-tools-for-stm32.10.3-2021.10.win32_1.0.200.202301161003/tools/bin/../lib/gcc/arm-none-eabi/10.3.1/thumb/v7e-m+fp/hard\libgcc.a(_aeabi_ldivmod.o)
                              ./Core/Src/lmic.o (__aeabi_ldivmod)
d:/users/hp/stm32cubeide_1.12.1/stm32cubeide/plugins/com.st.stm32cube.ide.mcu.externaltools.gnu-tools-for-stm32.10.3-2021.10.win32_1.0.200.202301161003/tools/bin/../lib/gcc/arm-none-eabi/10.3.1/thumb/v7e-m+fp/hard\libgcc.a(_aeabi_uldivmod.o)
                              ./Core/Src/radio.o (__aeabi_uldivmod)
d:/users/hp/stm32cubeide_1.12.1/stm32cubeide/plugins/com.st.stm32cube.ide.mcu.externaltools.gnu-tools-for-stm32.10.3-2021.10.win32_1.0.200.202301161003/tools/bin/../lib/gcc/arm-none-eabi/10.3.1/thumb/v7e-m+fp/hard\libgcc.a(_udivmoddi4.o)
                              d:/users/hp/stm32cubeide_1.12.1/stm32cubeide/plugins/com.st.stm32cube.ide.mcu.externaltools.gnu-tools-for-stm32.10.3-2021.10.win32_1.0.200.202301161003/tools/bin/../lib/gcc/arm-none-eabi/10.3.1/thumb/v7e-m+fp/hard\libgcc.a(_aeabi_ldivmod.o) (__udivmoddi4)
d:/users/hp/stm32cubeide_1.12.1/stm32cubeide/plugins/com.st.stm32cube.ide.mcu.externaltools.gnu-tools-for-stm32.10.3-2021.10.win32_1.0.200.202301161003/tools/bin/../lib/gcc/arm-none-eabi/10.3.1/thumb/v7e-m+fp/hard\libgcc.a(_dvmd_tls.o)
                              d:/users/hp/stm32cubeide_1.12.1/stm32cubeide/plugins/com.st.stm32cube.ide.mcu.externaltools.gnu-tools-for-stm32.10.3-2021.10.win32_1.0.200.202301161003/tools/bin/../lib/gcc/arm-none-eabi/10.3.1/thumb/v7e-m+fp/hard\libgcc.a(_aeabi_ldivmod.o) (__aeabi_ldiv0)

Discarded input sections

 .text          0x0000000000000000        0x0 d:/users/hp/stm32cubeide_1.12.1/stm32cubeide/plugins/com.st.stm32cube.ide.mcu.externaltools.gnu-tools-for-stm32.10.3-2021.10.win32_1.0.200.202301161003/tools/bin/../lib/gcc/arm-none-eabi/10.3.1/thumb/v7e-m+fp/hard/crti.o
[...]
Memory Configuration

Name             Origin             Length             Attributes
RAM              0x0000000020000000 0x0000000000020000 xrw
FLASH            0x0000000008000000 0x0000000000080000 xr
*default*        0x0000000000000000 0xffffffffffffffff

Linker script and memory map

LOAD d:/users/hp/stm32cubeide_1.12.1/stm32cubeide/plugins/com.st.stm32cube.ide.mcu.externaltools.gnu-tools-for-stm32.10.3-2021.10.win32_1.0.200.202301161003/tools/bin/../lib/gcc/arm-none-eabi/10.3.1/thumb/v7e-m+fp/hard/crti.o
LOAD d:/users/hp/stm32cubeide_1.12.1/stm32cubeide/plugins/com.st.stm32cube.ide.mcu.externaltools.gnu-tools-for-stm32.10.3-2021.10.win32_1.0.200.202301161003/tools/bin/../lib/gcc/arm-none-eabi/10.3.1/thumb/v7e-m+fp/hard/crtbegin.o
LOAD d:/users/hp/stm32cubeide_1.12.1/stm32cubeide/plugins/com.st.stm32cube.ide.mcu.externaltools.gnu-tools-for-stm32.10.3-2021.10.win32_1.0.200.202301161003/tools/bin/../lib/gcc/arm-none-eabi/10.3.1/../../../../arm-none-eabi/lib/thumb/v7e-m+fp/hard/crt0.o
LOAD ./Core/Src/aes.o
LOAD ./Core/Src/debug.o
LOAD ./Core/Src/hal.o
LOAD ./Core/Src/lmic.o
LOAD ./Core/Src/main.o
LOAD ./Core/Src/oslmic.o
LOAD ./Core/Src/radio.o
LOAD ./Core/Src/stm32f4xx_hal_msp.o
LOAD ./Core/Src/stm32f4xx_it.o
LOAD ./Core/Src/syscalls.o
LOAD ./Core/Src/sysmem.o
LOAD ./Core/Src/system_stm32f4xx.o
LOAD ./Core/Startup/startup_stm32f411ceux.o
LOAD ./Drivers/STM32F4xx_HAL_Driver/Src/stm32f4xx_hal.o
LOAD ./Drivers/STM32F4xx_HAL_Driver/Src/stm32f4xx_hal_cortex.o
LOAD ./Drivers/STM32F4xx_HAL_Driver/Src/stm32f4xx_hal_dma.o
LOAD ./Drivers/STM32F4xx_HAL_Driver/Src/stm32f4xx_hal_dma_ex.o
LOAD ./Drivers/STM32F4xx_HAL_Driver/Src/stm32f4xx_hal_exti.o
LOAD ./Drivers/STM32F4xx_HAL_Driver/Src/stm32f4xx_hal_flash.o
LOAD ./Drivers/STM32F4xx_HAL_Driver/Src/stm32f4xx_hal_flash_ex.o
LOAD ./Drivers/STM32F4xx_HAL_Driver/Src/stm32f4xx_hal_flash_ramfunc.o
LOAD ./Drivers/STM32F4xx_HAL_Driver/Src/stm32f4xx_hal_gpio.o
LOAD ./Drivers/STM32F4xx_HAL_Driver/Src/stm32f4xx_hal_pwr.o
LOAD ./Drivers/STM32F4xx_HAL_Driver/Src/stm32f4xx_hal_pwr_ex.o
LOAD ./Drivers/STM32F4xx_HAL_Driver/Src/stm32f4xx_hal_rcc.o
LOAD ./Drivers/STM32F4xx_HAL_Driver/Src/stm32f4xx_hal_rcc_ex.o
LOAD ./Drivers/STM32F4xx_HAL_Driver/Src/stm32f4xx_hal_spi.o
LOAD ./Drivers/STM32F4xx_HAL_Driver/Src/stm32f4xx_hal_tim.o
LOAD ./Drivers/STM32F4xx_HAL_Driver/Src/stm32f4xx_hal_tim_ex.o
LOAD ./Drivers/STM32F4xx_HAL_Driver/Src/stm32f4xx_hal_uart.o
START GROUP
LOAD d:/users/hp/stm32cubeide_1.12.1/stm32cubeide/plugins/com.st.stm32cube.ide.mcu.externaltools.gnu-tools-for-stm32.10.3-2021.10.win32_1.0.200.202301161003/tools/bin/../lib/gcc/arm-none-eabi/10.3.1/../../../../arm-none-eabi/lib/thumb/v7e-m+fp/hard\libc_nano.a
LOAD d:/users/hp/stm32cubeide_1.12.1/stm32cubeide/plugins/com.st.stm32cube.ide.mcu.externaltools.gnu-tools-for-stm32.10.3-2021.10.win32_1.0.200.202301161003/tools/bin/../lib/gcc/arm-none-eabi/10.3.1/../../../../arm-none-eabi/lib/thumb/v7e-m+fp/hard\libm.a
END GROUP
START GROUP
LOAD d:/users/hp/stm32cubeide_1.12.1/stm32cubeide/plugins/com.st.stm32cube.ide.mcu.externaltools.gnu-tools-for-stm32.10.3-2021.10.win32_1.0.200.202301161003/tools/bin/../lib/gcc/arm-none-eabi/10.3.1/thumb/v7e-m+fp/hard\libgcc.a
LOAD d:/users/hp/stm32cubeide_1.12.1/stm32cubeide/plugins/com.st.stm32cube.ide.mcu.externaltools.gnu-tools-for-stm32.10.3-2021.10.win32_1.0.200.202301161003/tools/bin/../lib/gcc/arm-none-eabi/10.3.1/../../../../arm-none-eabi/lib/thumb/v7e-m+fp/hard\libc_nano.a
END GROUP
START GROUP
LOAD d:/users/hp/stm32cubeide_1.12.1/stm32cubeide/plugins/com.st.stm32cube.ide.mcu.externaltools.gnu-tools-for-stm32.10.3-2021.10.win32_1.0.200.202301161003/tools/bin/../lib/gcc/arm-none-eabi/10.3.1/thumb/v7e-m+fp/hard\libgcc.a
LOAD d:/users/hp/stm32cubeide_1.12.1/stm32cubeide/plugins/com.st.stm32cube.ide.mcu.externaltools.gnu-tools-for-stm32.10.3-2021.10.win32_1.0.200.202301161003/tools/bin/../lib/gcc/arm-none-eabi/10.3.1/../../../../arm-none-eabi/lib/thumb/v7e-m+fp/hard\libc_nano.a
LOAD d:/users/hp/stm32cubeide_1.12.1/stm32cubeide/plugins/com.st.stm32cube.ide.mcu.externaltools.gnu-tools-for-stm32.10.3-2021.10.win32_1.0.200.202301161003/tools/bin/../lib/gcc/arm-none-eabi/10.3.1/../../../../arm-none-eabi/lib/thumb/v7e-m+fp/hard\libnosys.a
END GROUP
START GROUP
LOAD d:/users/hp/stm32cubeide_1.12.1/stm32cubeide/plugins/com.st.stm32cube.ide.mcu.externaltools.gnu-tools-for-stm32.10.3-2021.10.win32_1.0.200.202301161003/tools/bin/../lib/gcc/arm-none-eabi/10.3.1/thumb/v7e-m+fp/hard\libgcc.a
LOAD d:/users/hp/stm32cubeide_1.12.1/stm32cubeide/plugins/com.st.stm32cube.ide.mcu.externaltools.gnu-tools-for-stm32.10.3-2021.10.win32_1.0.200.202301161003/tools/bin/../lib/gcc/arm-none-eabi/10.3.1/../../../../arm-none-eabi/lib/thumb/v7e-m+fp/hard\libc_nano.a
LOAD d:/users/hp/stm32cubeide_1.12.1/stm32cubeide/plugins/com.st.stm32cube.ide.mcu.externaltools.gnu-tools-for-stm32.10.3-2021.10.win32_1.0.200.202301161003/tools/bin/../lib/gcc/arm-none-eabi/10.3.1/../../../../arm-none-eabi/lib/thumb/v7e-m+fp/hard\libnosys.a
END GROUP
LOAD d:/users/hp/stm32cubeide_1.12.1/stm32cubeide/plugins/com.st.stm32cube.ide.mcu.externaltools.gnu-tools-for-stm32.10.3-2021.10.win32_1.0.200.202301161003/tools/bin/../lib/gcc/arm-none-eabi/10.3.1/thumb/v7e-m+fp/hard/crtend.o
LOAD d:/users/hp/stm32cubeide_1.12.1/stm32cubeide/plugins/com.st.stm32cube.ide.mcu.externaltools.gnu-tools-for-stm32.10.3-2021.10.win32_1.0.200.202301161003/tools/bin/../lib/gcc/arm-none-eabi/10.3.1/thumb/v7e-m+fp/hard/crtn.o
                0x0000000020020000                _estack = (ORIGIN (RAM) + LENGTH (RAM))
                0x0000000000000200                _Min_Heap_Size = 0x200
                0x0000000000000400                _Min_Stack_Size = 0x400

.isr_vector     0x0000000008000000      0x198
                0x0000000008000000                . = ALIGN (0x4)
 *(.isr_vector)
 .isr_vector    0x0000000008000000      0x198 ./Core/Startup/startup_stm32f411ceux.o
                0x0000000008000000                g_pfnVectors
                0x0000000008000198                . = ALIGN (0x4)

.text           0x0000000008000198     0x90f4
                0x0000000008000198                . = ALIGN (0x4)
 *(.text)
 .text          0x0000000008000198       0x40 d:/users/hp/stm32cubeide_1.12.1/stm32cubeide/plugins/com.st.stm32cube.ide.mcu.externaltools.gnu-tools-for-stm32.10.3-2021.10.win32_1.0.200.202301161003/tools/bin/../lib/gcc/arm-none-eabi/10.3.1/thumb/v7e-m+fp/hard/crtbegin.o
 .text          0x00000000080001d8       0xa0 d:/users/hp/stm32cubeide_1.12.1/stm32cubeide/plugins/com.st.stm32cube.ide.mcu.externaltools.gnu-tools-for-stm32.10.3-2021.10.win32_1.0.200.202301161003/tools/bin/../lib/gcc/arm-none-eabi/10.3.1/thumb/v7e-m+fp/hard\libgcc.a(_aeabi_ldivmod.o)
                0x00000000080001d8                __aeabi_ldivmod
 .text          0x0000000008000278       0x30 d:/users/hp/stm32cubeide_1.12.1/stm32cubeide/plugins/com.st.stm32cube.ide.mcu.externaltools.gnu-tools-for-stm32.10.3-2021.10.win32_1.0.200.202301161003/tools/bin/../lib/gcc/arm-none-eabi/10.3.1/thumb/v7e-m+fp/hard\libgcc.a(_aeabi_uldivmod.o)
                0x0000000008000278                __aeabi_uldivmod
 .text          0x00000000080002a8      0x2d0 d:/users/hp/stm32cubeide_1.12.1/stm32cubeide/plugins/com.st.stm32cube.ide.mcu.externaltools.gnu-tools-for-stm32.10.3-2021.10.win32_1.0.200.202301161003/tools/bin/../lib/gcc/arm-none-eabi/10.3.1/thumb/v7e-m+fp/hard\libgcc.a(_udivmoddi4.o)
                0x00000000080002a8                __udivmoddi4
 .text          0x0000000008000578        0x4 d:/users/hp/stm32cubeide_1.12.1/stm32cubeide/plugins/com.st.stm32cube.ide.mcu.externaltools.gnu-tools-for-stm32.10.3-2021.10.win32_1.0.200.202301161003/tools/bin/../lib/gcc/arm-none-eabi/10.3.1/thumb/v7e-m+fp/hard\libgcc.a(_dvmd_tls.o)
                0x0000000008000578                __aeabi_idiv0
                0x0000000008000578                __aeabi_ldiv0
 *(.text*)
 .text.aesroundkeys
                0x000000000800057c       0xf8 ./Core/Src/aes.o
 .text.os_aes   0x0000000008000674      0x9a0 ./Core/Src/aes.o
                0x0000000008000674                os_aes
 .text.debug_init
                0x0000000008001014       0x18 ./Core/Src/debug.o
                0x0000000008001014                debug_init
 .text.debug_led
                0x000000000800102c       0x24 ./Core/Src/debug.o
                0x000000000800102c                debug_led
 .text.debug_char
                0x0000000008001050       0x30 ./Core/Src/debug.o
                0x0000000008001050                debug_char
 .text.debug_hex
                0x0000000008001080       0x38 ./Core/Src/debug.o
                0x0000000008001080                debug_hex
 .text.debug_uint
                0x00000000080010b8       0x3a ./Core/Src/debug.o
                0x00000000080010b8                debug_uint
 .text.debug_str
                0x00000000080010f2       0x2a ./Core/Src/debug.o
                0x00000000080010f2                debug_str
 .text.debug_val
                0x000000000800111c       0x2a ./Core/Src/debug.o
                0x000000000800111c                debug_val
 *fill*         0x0000000008001146        0x2 
 .text.debug_event
                0x0000000008001148       0x3c ./Core/Src/debug.o
                0x0000000008001148                debug_event
 .text.hal_io_init
                0x0000000008001184        0xe ./Core/Src/hal.o
 .text.hal_pin_rxtx
                0x0000000008001192       0x16 ./Core/Src/hal.o
                0x0000000008001192                hal_pin_rxtx
 .text.hal_pin_nss
                0x00000000080011a8       0x24 ./Core/Src/hal.o
                0x00000000080011a8                hal_pin_nss
 .text.hal_pin_rst
                0x00000000080011cc       0x64 ./Core/Src/hal.o
                0x00000000080011cc                hal_pin_rst
 .text.HAL_GPIO_EXTI_Callback
                0x0000000008001230       0x3a ./Core/Src/hal.o
                0x0000000008001230                HAL_GPIO_EXTI_Callback
 .text.hal_spi_init
                0x000000000800126a        0xe ./Core/Src/hal.o
                0x000000000800126a                hal_spi_init
 .text.hal_spi  0x0000000008001278       0x3c ./Core/Src/hal.o
                0x0000000008001278                hal_spi
 .text.hal_time_init
                0x00000000080012b4        0xe ./Core/Src/hal.o
 *fill*         0x00000000080012c2        0x2 
 .text.hal_ticks
                0x00000000080012c4       0x60 ./Core/Src/hal.o
                0x00000000080012c4                hal_ticks
 .text.deltaticks
                0x0000000008001324       0x3a ./Core/Src/hal.o
 .text.hal_waitUntil
                0x000000000800135e       0x20 ./Core/Src/hal.o
                0x000000000800135e                hal_waitUntil
 *fill*         0x000000000800137e        0x2 
 .text.hal_checkTimer
                0x0000000008001380       0x7c ./Core/Src/hal.o
                0x0000000008001380                hal_checkTimer
 .text.HAL_TIM_PeriodElapsedCallback
                0x00000000080013fc       0x34 ./Core/Src/hal.o
                0x00000000080013fc                HAL_TIM_PeriodElapsedCallback
 .text.hal_disableIRQs
                0x0000000008001430       0x20 ./Core/Src/hal.o
                0x0000000008001430                hal_disableIRQs
 .text.hal_enableIRQs
                0x0000000008001450       0x28 ./Core/Src/hal.o
                0x0000000008001450                hal_enableIRQs
 .text.hal_sleep
                0x0000000008001478       0x10 ./Core/Src/hal.o
                0x0000000008001478                hal_sleep
 .text.hal_init
                0x0000000008001488       0x2c ./Core/Src/hal.o
                0x0000000008001488                hal_init
 .text.hal_failed
                0x00000000080014b4        0xe ./Core/Src/hal.o
                0x00000000080014b4                hal_failed
 .text.getSf    0x00000000080014c2       0x20 ./Core/Src/lmic.o
                0x00000000080014c2                getSf
 .text.getBw    0x00000000080014e2       0x24 ./Core/Src/lmic.o
                0x00000000080014e2                getBw
 .text.getCr    0x0000000008001506       0x24 ./Core/Src/lmic.o
                0x0000000008001506                getCr
 .text.setCr    0x000000000800152a       0x32 ./Core/Src/lmic.o
                0x000000000800152a                setCr
 .text.getNocrc
                0x000000000800155c       0x20 ./Core/Src/lmic.o
                0x000000000800155c                getNocrc
 .text.setNocrc
                0x000000000800157c       0x2e ./Core/Src/lmic.o
                0x000000000800157c                setNocrc
 .text.getIh    0x00000000080015aa       0x1e ./Core/Src/lmic.o
                0x00000000080015aa                getIh
 .text.setIh    0x00000000080015c8       0x2c ./Core/Src/lmic.o
                0x00000000080015c8                setIh
 .text.updr2rps
                0x00000000080015f4       0x24 ./Core/Src/lmic.o
                0x00000000080015f4                updr2rps
 .text.dndr2rps
                0x0000000008001618       0x26 ./Core/Src/lmic.o
                0x0000000008001618                dndr2rps
 *fill*         0x000000000800163e        0x2 
 .text.decDR    0x0000000008001640       0x30 ./Core/Src/lmic.o
                0x0000000008001640                decDR
 .text.validDR  0x0000000008001670       0x2c ./Core/Src/lmic.o
                0x0000000008001670                validDR
 .text.lowerDR  0x000000000800169c       0x32 ./Core/Src/lmic.o
                0x000000000800169c                lowerDR
 .text.os_rlsbf2
                0x00000000080016ce       0x2a ./Core/Src/lmic.o
                0x00000000080016ce                os_rlsbf2
 .text.os_rlsbf4
                0x00000000080016f8       0x3a ./Core/Src/lmic.o
                0x00000000080016f8                os_rlsbf4
 .text.os_rmsbf4
                0x0000000008001732       0x3a ./Core/Src/lmic.o
                0x0000000008001732                os_rmsbf4
 .text.os_wlsbf2
                0x000000000800176c       0x2e ./Core/Src/lmic.o
                0x000000000800176c                os_wlsbf2
 .text.os_wlsbf4
                0x000000000800179a       0x42 ./Core/Src/lmic.o
                0x000000000800179a                os_wlsbf4
 .text.os_wmsbf4
                0x00000000080017dc       0x42 ./Core/Src/lmic.o
                0x00000000080017dc                os_wmsbf4
 .text.os_getBattLevel
                0x000000000800181e       0x10 ./Core/Src/lmic.o
                0x000000000800181e                os_getBattLevel
 .text.os_crc16
                0x000000000800182e       0x7e ./Core/Src/lmic.o
                0x000000000800182e                os_crc16
 .text.micB0    0x00000000080018ac       0x68 ./Core/Src/lmic.o
 .text.aes_verifyMic
                0x0000000008001914       0x58 ./Core/Src/lmic.o
 .text.aes_appendMic
                0x000000000800196c       0x50 ./Core/Src/lmic.o
 .text.aes_appendMic0
                0x00000000080019bc       0x3c ./Core/Src/lmic.o
 .text.aes_verifyMic0
                0x00000000080019f8       0x44 ./Core/Src/lmic.o
 .text.aes_encrypt
                0x0000000008001a3c       0x2c ./Core/Src/lmic.o
 .text.aes_cipher
                0x0000000008001a68       0x88 ./Core/Src/lmic.o
 .text.aes_sessKeys
                0x0000000008001af0       0x78 ./Core/Src/lmic.o
 .text.getSensitivity
                0x0000000008001b68       0x40 ./Core/Src/lmic.o
                0x0000000008001b68                getSensitivity
 .text.calcAirTime
                0x0000000008001ba8      0x130 ./Core/Src/lmic.o
                0x0000000008001ba8                calcAirTime
 .text.calcRxWindow
                0x0000000008001cd8       0xa8 ./Core/Src/lmic.o
 .text.calcBcnRxWindowFromMillis
                0x0000000008001d80      0x10c ./Core/Src/lmic.o
 .text.rxschedInit
                0x0000000008001e8c       0xdc ./Core/Src/lmic.o
 .text.rxschedNext
                0x0000000008001f68       0x9c ./Core/Src/lmic.o
 .text.rndDelay
                0x0000000008002004       0x7c ./Core/Src/lmic.o
 .text.txDelay  0x0000000008002080       0x5c ./Core/Src/lmic.o
 .text.setDrJoin
                0x00000000080020dc       0x28 ./Core/Src/lmic.o
 .text.setDrTxpow
                0x0000000008002104       0x5c ./Core/Src/lmic.o
 .text.initDefaultChannels
                0x0000000008002160      0x10c ./Core/Src/lmic.o
 .text.LMIC_setupChannel
                0x000000000800226c       0xf4 ./Core/Src/lmic.o
                0x000000000800226c                LMIC_setupChannel
 .text.convFreq
                0x0000000008002360       0x44 ./Core/Src/lmic.o
 .text.mapChannels
                0x00000000080023a4       0x94 ./Core/Src/lmic.o
 .text.updateTx
                0x0000000008002438       0x94 ./Core/Src/lmic.o
 .text.nextTx   0x00000000080024cc      0x138 ./Core/Src/lmic.o
 .text.setBcnRxParams
                0x0000000008002604       0x4c ./Core/Src/lmic.o
 .text.initJoinLoop
                0x0000000008002650       0x6c ./Core/Src/lmic.o
 .text.nextJoinState
                0x00000000080026bc       0xd0 ./Core/Src/lmic.o
 .text.runEngineUpdate
                0x000000000800278c       0x14 ./Core/Src/lmic.o
 .text.reportEvent
                0x00000000080027a0       0x1e ./Core/Src/lmic.o
 .text.runReset
                0x00000000080027be       0x1e ./Core/Src/lmic.o
 .text.stateJustJoined
                0x00000000080027dc       0xcc ./Core/Src/lmic.o
 .text.decodeBeacon
                0x00000000080028a8      0x128 ./Core/Src/lmic.o
 .text.decodeFrame
                0x00000000080029d0      0x66c ./Core/Src/lmic.o
 .text.setupRx2
                0x000000000800303c       0x40 ./Core/Src/lmic.o
 .text.schedRx2
                0x000000000800307c       0x50 ./Core/Src/lmic.o
 .text.setupRx1
                0x00000000080030cc       0x44 ./Core/Src/lmic.o
 .text.txDone   0x0000000008003110       0xa4 ./Core/Src/lmic.o
 .text.onJoinFailed
                0x00000000080031b4       0x16 ./Core/Src/lmic.o
 *fill*         0x00000000080031ca        0x2 
 .text.processJoinAccept
                0x00000000080031cc      0x294 ./Core/Src/lmic.o
 .text.processRx2Jacc
                0x0000000008003460       0x2c ./Core/Src/lmic.o
 .text.setupRx2Jacc
                0x000000000800348c       0x24 ./Core/Src/lmic.o
 .text.processRx1Jacc
                0x00000000080034b0       0x38 ./Core/Src/lmic.o
 .text.setupRx1Jacc
                0x00000000080034e8       0x1c ./Core/Src/lmic.o
 .text.jreqDone
                0x0000000008003504       0x20 ./Core/Src/lmic.o
 .text.processRx2DnDataDelay
                0x0000000008003524       0x14 ./Core/Src/lmic.o
 .text.processRx2DnData
                0x0000000008003538       0x54 ./Core/Src/lmic.o
 .text.setupRx2DnData
                0x000000000800358c       0x24 ./Core/Src/lmic.o
 .text.processRx1DnData
                0x00000000080035b0       0x48 ./Core/Src/lmic.o
 .text.setupRx1DnData
                0x00000000080035f8       0x1c ./Core/Src/lmic.o
 .text.updataDone
                0x0000000008003614       0x30 ./Core/Src/lmic.o
 .text.buildDataFrame
                0x0000000008003644      0x3cc ./Core/Src/lmic.o
 .text.onBcnRx  0x0000000008003a10       0xa8 ./Core/Src/lmic.o
 .text.startScan
                0x0000000008003ab8       0xb0 ./Core/Src/lmic.o
 .text.buildJoinRequest
                0x0000000008003b68       0x6c ./Core/Src/lmic.o
 .text.startJoining
                0x0000000008003bd4       0x16 ./Core/Src/lmic.o
 *fill*         0x0000000008003bea        0x2 
 .text.LMIC_startJoining
                0x0000000008003bec       0x94 ./Core/Src/lmic.o
                0x0000000008003bec                LMIC_startJoining
 .text.processPingRx
                0x0000000008003c80       0x3c ./Core/Src/lmic.o
 .text.processDnData
                0x0000000008003cbc      0x1e8 ./Core/Src/lmic.o
 .text.processBeacon
                0x0000000008003ea4      0x218 ./Core/Src/lmic.o
 .text.startRxBcn
                0x00000000080040bc       0x24 ./Core/Src/lmic.o
 .text.startRxPing
                0x00000000080040e0       0x24 ./Core/Src/lmic.o
 .text.engineUpdate
                0x0000000008004104      0x394 ./Core/Src/lmic.o
 .text.LMIC_setDrTxpow
                0x0000000008004498       0x26 ./Core/Src/lmic.o
                0x0000000008004498                LMIC_setDrTxpow
 *fill*         0x00000000080044be        0x2 
 .text.LMIC_reset
                0x00000000080044c0       0x9c ./Core/Src/lmic.o
                0x00000000080044c0                LMIC_reset
 .text.LMIC_init
                0x000000000800455c       0x1c ./Core/Src/lmic.o
                0x000000000800455c                LMIC_init
 .text.LMIC_setTxData
                0x0000000008004578       0x38 ./Core/Src/lmic.o
                0x0000000008004578                LMIC_setTxData
 .text.LMIC_setTxData2
                0x00000000080045b0       0x64 ./Core/Src/lmic.o
                0x00000000080045b0                LMIC_setTxData2
 .text.LMIC_setSession
                0x0000000008004614       0x90 ./Core/Src/lmic.o
                0x0000000008004614                LMIC_setSession
 .text.LMIC_setLinkCheckMode
                0x00000000080046a4       0x38 ./Core/Src/lmic.o
                0x00000000080046a4                LMIC_setLinkCheckMode
 .text.os_getArtEui
                0x00000000080046dc       0x28 ./Core/Src/main.o
                0x00000000080046dc                os_getArtEui
 .text.os_getDevEui
                0x0000000008004704       0x28 ./Core/Src/main.o
                0x0000000008004704                os_getDevEui
 .text.os_getDevKey
                0x000000000800472c       0x28 ./Core/Src/main.o
                0x000000000800472c                os_getDevKey
 .text.initsensor
                0x0000000008004754        0xe ./Core/Src/main.o
                0x0000000008004754                initsensor
 .text.readsensor
                0x0000000008004762       0x18 ./Core/Src/main.o
                0x0000000008004762                readsensor
 *fill*         0x000000000800477a        0x2 
 .text.reportfunc
                0x000000000800477c       0x68 ./Core/Src/main.o
 .text.initfunc
                0x00000000080047e4      0x110 ./Core/Src/main.o
                0x00000000080047e4                initfunc
 .text.onEvent  0x00000000080048f4      0x170 ./Core/Src/main.o
                0x00000000080048f4                onEvent
 .text.main     0x0000000008004a64       0x60 ./Core/Src/main.o
                0x0000000008004a64                main
 .text.SystemClock_Config
                0x0000000008004ac4       0xd0 ./Core/Src/main.o
                0x0000000008004ac4                SystemClock_Config
 .text.MX_SPI1_Init
                0x0000000008004b94       0x6c ./Core/Src/main.o
 .text.MX_TIM4_Init
                0x0000000008004c00       0xb0 ./Core/Src/main.o
 .text.MX_USART1_UART_Init
                0x0000000008004cb0       0x54 ./Core/Src/main.o
 .text.MX_GPIO_Init
                0x0000000008004d04      0x16c ./Core/Src/main.o
 .text.Error_Handler
                0x0000000008004e70        0xa ./Core/Src/main.o
                0x0000000008004e70                Error_Handler
 .text.assert_failed
                0x0000000008004e7a       0x16 ./Core/Src/main.o
                0x0000000008004e7a                assert_failed
 .text.os_init  0x0000000008004e90       0x24 ./Core/Src/oslmic.o
                0x0000000008004e90                os_init
 .text.os_getTime
                0x0000000008004eb4        0xe ./Core/Src/oslmic.o
                0x0000000008004eb4                os_getTime
 .text.unlinkjob
                0x0000000008004ec2       0x3e ./Core/Src/oslmic.o
 .text.os_clearCallback
                0x0000000008004f00       0x3c ./Core/Src/oslmic.o
                0x0000000008004f00                os_clearCallback
 .text.os_setCallback
                0x0000000008004f3c       0x4c ./Core/Src/oslmic.o
                0x0000000008004f3c                os_setCallback
 .text.os_setTimedCallback
                0x0000000008004f88       0x6c ./Core/Src/oslmic.o
                0x0000000008004f88                os_setTimedCallback
 .text.os_runloop
                0x0000000008004ff4       0x6c ./Core/Src/oslmic.o
                0x0000000008004ff4                os_runloop
 .text.writeReg
                0x0000000008005060       0x3a ./Core/Src/radio.o
 .text.readReg  0x000000000800509a       0x38 ./Core/Src/radio.o
 .text.writeBuf
                0x00000000080050d2       0x54 ./Core/Src/radio.o
 .text.readBuf  0x0000000008005126       0x56 ./Core/Src/radio.o
 .text.opmode   0x000000000800517c       0x34 ./Core/Src/radio.o
 .text.opmodeLora
                0x00000000080051b0       0x24 ./Core/Src/radio.o
 .text.opmodeFSK
                0x00000000080051d4       0x24 ./Core/Src/radio.o
 .text.configLoraModem
                0x00000000080051f8      0x15c ./Core/Src/radio.o
 .text.configChannel
                0x0000000008005354       0x7c ./Core/Src/radio.o
 .text.configPower
                0x00000000080053d0       0x60 ./Core/Src/radio.o
 .text.txfsk    0x0000000008005430       0xdc ./Core/Src/radio.o
 .text.txlora   0x000000000800550c       0xb4 ./Core/Src/radio.o
 .text.starttx  0x00000000080055c0       0x3c ./Core/Src/radio.o
 .text.rxlora   0x00000000080055fc       0xf8 ./Core/Src/radio.o
 .text.rxfsk    0x00000000080056f4       0xe0 ./Core/Src/radio.o
 .text.startrx  0x00000000080057d4       0x4c ./Core/Src/radio.o
 .text.radio_init
                0x0000000008005820       0xe8 ./Core/Src/radio.o
                0x0000000008005820                radio_init
 .text.radio_rand1
                0x0000000008005908       0x4c ./Core/Src/radio.o
                0x0000000008005908                radio_rand1
 .text.radio_irq_handler
                0x0000000008005954      0x1ac ./Core/Src/radio.o
                0x0000000008005954                radio_irq_handler
 .text.os_radio
                0x0000000008005b00       0x58 ./Core/Src/radio.o
                0x0000000008005b00                os_radio
 .text.HAL_MspInit
                0x0000000008005b58       0x50 ./Core/Src/stm32f4xx_hal_msp.o
                0x0000000008005b58                HAL_MspInit
 .text.HAL_SPI_MspInit
                0x0000000008005ba8       0x90 ./Core/Src/stm32f4xx_hal_msp.o
                0x0000000008005ba8                HAL_SPI_MspInit
 .text.HAL_TIM_OC_MspInit
                0x0000000008005c38       0x50 ./Core/Src/stm32f4xx_hal_msp.o
                0x0000000008005c38                HAL_TIM_OC_MspInit
 .text.HAL_UART_MspInit
                0x0000000008005c88       0x90 ./Core/Src/stm32f4xx_hal_msp.o
                0x0000000008005c88                HAL_UART_MspInit
 .text.NMI_Handler
                0x0000000008005d18        0x6 ./Core/Src/stm32f4xx_it.o
                0x0000000008005d18                NMI_Handler
 .text.HardFault_Handler
                0x0000000008005d1e        0x6 ./Core/Src/stm32f4xx_it.o
                0x0000000008005d1e                HardFault_Handler
 .text.MemManage_Handler
                0x0000000008005d24        0x6 ./Core/Src/stm32f4xx_it.o
                0x0000000008005d24                MemManage_Handler
 .text.BusFault_Handler
                0x0000000008005d2a        0x6 ./Core/Src/stm32f4xx_it.o
                0x0000000008005d2a                BusFault_Handler
 .text.UsageFault_Handler
                0x0000000008005d30        0x6 ./Core/Src/stm32f4xx_it.o
                0x0000000008005d30                UsageFault_Handler
 .text.SVC_Handler
                0x0000000008005d36        0xe ./Core/Src/stm32f4xx_it.o
                0x0000000008005d36                SVC_Handler
 .text.DebugMon_Handler
                0x0000000008005d44        0xe ./Core/Src/stm32f4xx_it.o
                0x0000000008005d44                DebugMon_Handler
 .text.PendSV_Handler
                0x0000000008005d52        0xe ./Core/Src/stm32f4xx_it.o
                0x0000000008005d52                PendSV_Handler
 .text.SysTick_Handler
                0x0000000008005d60        0xc ./Core/Src/stm32f4xx_it.o
                0x0000000008005d60                SysTick_Handler
 .text.EXTI1_IRQHandler
                0x0000000008005d6c        0xe ./Core/Src/stm32f4xx_it.o
                0x0000000008005d6c                EXTI1_IRQHandler
 *fill*         0x0000000008005d7a        0x2 
 .text.TIM4_IRQHandler
                0x0000000008005d7c       0x14 ./Core/Src/stm32f4xx_it.o
                0x0000000008005d7c                TIM4_IRQHandler
 .text.EXTI15_10_IRQHandler
                0x0000000008005d90       0x18 ./Core/Src/stm32f4xx_it.o
                0x0000000008005d90                EXTI15_10_IRQHandler
 .text.SystemInit
                0x0000000008005da8       0x24 ./Core/Src/system_stm32f4xx.o
                0x0000000008005da8                SystemInit
 .text.Reset_Handler
                0x0000000008005dcc       0x50 ./Core/Startup/startup_stm32f411ceux.o
                0x0000000008005dcc                Reset_Handler
 .text.Default_Handler
                0x0000000008005e1c        0x2 ./Core/Startup/startup_stm32f411ceux.o
                0x0000000008005e1c                RTC_Alarm_IRQHandler
                0x0000000008005e1c                EXTI2_IRQHandler
                0x0000000008005e1c                SPI4_IRQHandler
                0x0000000008005e1c                TIM1_CC_IRQHandler
                0x0000000008005e1c                DMA2_Stream5_IRQHandler
                0x0000000008005e1c                DMA1_Stream5_IRQHandler
                0x0000000008005e1c                PVD_IRQHandler
                0x0000000008005e1c                SDIO_IRQHandler
                0x0000000008005e1c                TAMP_STAMP_IRQHandler
                0x0000000008005e1c                EXTI3_IRQHandler
                0x0000000008005e1c                TIM1_UP_TIM10_IRQHandler
                0x0000000008005e1c                I2C3_ER_IRQHandler
                0x0000000008005e1c                EXTI0_IRQHandler
                0x0000000008005e1c                I2C2_EV_IRQHandler
                0x0000000008005e1c                DMA1_Stream2_IRQHandler
                0x0000000008005e1c                FPU_IRQHandler
                0x0000000008005e1c                DMA2_Stream2_IRQHandler
                0x0000000008005e1c                SPI1_IRQHandler
                0x0000000008005e1c                TIM1_BRK_TIM9_IRQHandler
                0x0000000008005e1c                DMA2_Stream3_IRQHandler
                0x0000000008005e1c                USART6_IRQHandler
                0x0000000008005e1c                DMA2_Stream0_IRQHandler
                0x0000000008005e1c                I2C1_EV_IRQHandler
                0x0000000008005e1c                DMA1_Stream6_IRQHandler
                0x0000000008005e1c                DMA1_Stream1_IRQHandler
                0x0000000008005e1c                TIM3_IRQHandler
                0x0000000008005e1c                RCC_IRQHandler
                0x0000000008005e1c                Default_Handler
                0x0000000008005e1c                ADC_IRQHandler
                0x0000000008005e1c                DMA1_Stream7_IRQHandler
                0x0000000008005e1c                SPI5_IRQHandler
                0x0000000008005e1c                TIM5_IRQHandler
                0x0000000008005e1c                DMA2_Stream7_IRQHandler
                0x0000000008005e1c                I2C3_EV_IRQHandler
                0x0000000008005e1c                EXTI9_5_IRQHandler
                0x0000000008005e1c                RTC_WKUP_IRQHandler
                0x0000000008005e1c                SPI2_IRQHandler
                0x0000000008005e1c                DMA1_Stream0_IRQHandler
                0x0000000008005e1c                EXTI4_IRQHandler
                0x0000000008005e1c                WWDG_IRQHandler
                0x0000000008005e1c                TIM2_IRQHandler
                0x0000000008005e1c                OTG_FS_WKUP_IRQHandler
                0x0000000008005e1c                TIM1_TRG_COM_TIM11_IRQHandler
                0x0000000008005e1c                USART2_IRQHandler
                0x0000000008005e1c                I2C2_ER_IRQHandler
                0x0000000008005e1c                DMA2_Stream1_IRQHandler
                0x0000000008005e1c                FLASH_IRQHandler
                0x0000000008005e1c                DMA2_Stream4_IRQHandler
                0x0000000008005e1c                USART1_IRQHandler
                0x0000000008005e1c                OTG_FS_IRQHandler
                0x0000000008005e1c                SPI3_IRQHandler
                0x0000000008005e1c                DMA1_Stream4_IRQHandler
                0x0000000008005e1c                I2C1_ER_IRQHandler
                0x0000000008005e1c                DMA2_Stream6_IRQHandler
                0x0000000008005e1c                DMA1_Stream3_IRQHandler
 *fill*         0x0000000008005e1e        0x2 
 .text.HAL_Init
                0x0000000008005e20       0x44 ./Drivers/STM32F4xx_HAL_Driver/Src/stm32f4xx_hal.o
                0x0000000008005e20                HAL_Init
 .text.HAL_InitTick
                0x0000000008005e64       0x60 ./Drivers/STM32F4xx_HAL_Driver/Src/stm32f4xx_hal.o
                0x0000000008005e64                HAL_InitTick
 .text.HAL_IncTick
                0x0000000008005ec4       0x28 ./Drivers/STM32F4xx_HAL_Driver/Src/stm32f4xx_hal.o
                0x0000000008005ec4                HAL_IncTick
 .text.HAL_GetTick
                0x0000000008005eec       0x18 ./Drivers/STM32F4xx_HAL_Driver/Src/stm32f4xx_hal.o
                0x0000000008005eec                HAL_GetTick
 .text.__NVIC_SetPriorityGrouping
                0x0000000008005f04       0x48 ./Drivers/STM32F4xx_HAL_Driver/Src/stm32f4xx_hal_cortex.o
 .text.__NVIC_GetPriorityGrouping
                0x0000000008005f4c       0x1c ./Drivers/STM32F4xx_HAL_Driver/Src/stm32f4xx_hal_cortex.o
 .text.__NVIC_EnableIRQ
                0x0000000008005f68       0x3c ./Drivers/STM32F4xx_HAL_Driver/Src/stm32f4xx_hal_cortex.o
 .text.__NVIC_SetPriority
                0x0000000008005fa4       0x54 ./Drivers/STM32F4xx_HAL_Driver/Src/stm32f4xx_hal_cortex.o
 .text.NVIC_EncodePriority
                0x0000000008005ff8       0x66 ./Drivers/STM32F4xx_HAL_Driver/Src/stm32f4xx_hal_cortex.o
 *fill*         0x000000000800605e        0x2 
 .text.SysTick_Config
                0x0000000008006060       0x44 ./Drivers/STM32F4xx_HAL_Driver/Src/stm32f4xx_hal_cortex.o
 .text.HAL_NVIC_SetPriorityGrouping
                0x00000000080060a4       0x40 ./Drivers/STM32F4xx_HAL_Driver/Src/stm32f4xx_hal_cortex.o
                0x00000000080060a4                HAL_NVIC_SetPriorityGrouping
 .text.HAL_NVIC_SetPriority
                0x00000000080060e4       0x58 ./Drivers/STM32F4xx_HAL_Driver/Src/stm32f4xx_hal_cortex.o
                0x00000000080060e4                HAL_NVIC_SetPriority
 .text.HAL_NVIC_EnableIRQ
                0x000000000800613c       0x30 ./Drivers/STM32F4xx_HAL_Driver/Src/stm32f4xx_hal_cortex.o
                0x000000000800613c                HAL_NVIC_EnableIRQ
 .text.HAL_SYSTICK_Config
                0x000000000800616c       0x18 ./Drivers/STM32F4xx_HAL_Driver/Src/stm32f4xx_hal_cortex.o
                0x000000000800616c                HAL_SYSTICK_Config
 .text.HAL_GPIO_Init
                0x0000000008006184      0x534 ./Drivers/STM32F4xx_HAL_Driver/Src/stm32f4xx_hal_gpio.o
                0x0000000008006184                HAL_GPIO_Init
 .text.HAL_GPIO_WritePin
                0x00000000080066b8       0x64 ./Drivers/STM32F4xx_HAL_Driver/Src/stm32f4xx_hal_gpio.o
                0x00000000080066b8                HAL_GPIO_WritePin
 .text.HAL_GPIO_EXTI_IRQHandler
                0x000000000800671c       0x30 ./Drivers/STM32F4xx_HAL_Driver/Src/stm32f4xx_hal_gpio.o
                0x000000000800671c                HAL_GPIO_EXTI_IRQHandler
 .text.HAL_RCC_OscConfig
                0x000000000800674c      0x650 ./Drivers/STM32F4xx_HAL_Driver/Src/stm32f4xx_hal_rcc.o
                0x000000000800674c                HAL_RCC_OscConfig
 .text.HAL_RCC_ClockConfig
                0x0000000008006d9c      0x31c ./Drivers/STM32F4xx_HAL_Driver/Src/stm32f4xx_hal_rcc.o
                0x0000000008006d9c                HAL_RCC_ClockConfig
 .text.HAL_RCC_GetSysClockFreq
                0x00000000080070b8      0x18c ./Drivers/STM32F4xx_HAL_Driver/Src/stm32f4xx_hal_rcc.o
                0x00000000080070b8                HAL_RCC_GetSysClockFreq
 .text.HAL_RCC_GetHCLKFreq
                0x0000000008007244       0x18 ./Drivers/STM32F4xx_HAL_Driver/Src/stm32f4xx_hal_rcc.o
                0x0000000008007244                HAL_RCC_GetHCLKFreq
 .text.HAL_RCC_GetPCLK1Freq
                0x000000000800725c       0x28 ./Drivers/STM32F4xx_HAL_Driver/Src/stm32f4xx_hal_rcc.o
                0x000000000800725c                HAL_RCC_GetPCLK1Freq
 .text.HAL_RCC_GetPCLK2Freq
                0x0000000008007284       0x28 ./Drivers/STM32F4xx_HAL_Driver/Src/stm32f4xx_hal_rcc.o
                0x0000000008007284                HAL_RCC_GetPCLK2Freq
 .text.HAL_SPI_Init
                0x00000000080072ac      0x338 ./Drivers/STM32F4xx_HAL_Driver/Src/stm32f4xx_hal_spi.o
                0x00000000080072ac                HAL_SPI_Init
 .text.HAL_SPI_TransmitReceive
                0x00000000080075e4      0x35c ./Drivers/STM32F4xx_HAL_Driver/Src/stm32f4xx_hal_spi.o
                0x00000000080075e4                HAL_SPI_TransmitReceive
 .text.SPI_WaitFlagStateUntilTimeout
                0x0000000008007940      0x110 ./Drivers/STM32F4xx_HAL_Driver/Src/stm32f4xx_hal_spi.o
 .text.SPI_EndRxTxTransaction
                0x0000000008007a50       0x84 ./Drivers/STM32F4xx_HAL_Driver/Src/stm32f4xx_hal_spi.o
 .text.HAL_TIM_Base_Start_IT
                0x0000000008007ad4      0x124 ./Drivers/STM32F4xx_HAL_Driver/Src/stm32f4xx_hal_tim.o
                0x0000000008007ad4                HAL_TIM_Base_Start_IT
 .text.HAL_TIM_OC_Init
                0x0000000008007bf8      0x18c ./Drivers/STM32F4xx_HAL_Driver/Src/stm32f4xx_hal_tim.o
                0x0000000008007bf8                HAL_TIM_OC_Init
 .text.HAL_TIM_IRQHandler
                0x0000000008007d84      0x210 ./Drivers/STM32F4xx_HAL_Driver/Src/stm32f4xx_hal_tim.o
                0x0000000008007d84                HAL_TIM_IRQHandler
 .text.HAL_TIM_OC_ConfigChannel
                0x0000000008007f94      0x26c ./Drivers/STM32F4xx_HAL_Driver/Src/stm32f4xx_hal_tim.o
                0x0000000008007f94                HAL_TIM_OC_ConfigChannel
 .text.HAL_TIM_OC_DelayElapsedCallback
                0x0000000008008200       0x14 ./Drivers/STM32F4xx_HAL_Driver/Src/stm32f4xx_hal_tim.o
                0x0000000008008200                HAL_TIM_OC_DelayElapsedCallback
 .text.HAL_TIM_IC_CaptureCallback
                0x0000000008008214       0x14 ./Drivers/STM32F4xx_HAL_Driver/Src/stm32f4xx_hal_tim.o
                0x0000000008008214                HAL_TIM_IC_CaptureCallback
 .text.HAL_TIM_PWM_PulseFinishedCallback
                0x0000000008008228       0x14 ./Drivers/STM32F4xx_HAL_Driver/Src/stm32f4xx_hal_tim.o
                0x0000000008008228                HAL_TIM_PWM_PulseFinishedCallback
 .text.HAL_TIM_TriggerCallback
                0x000000000800823c       0x14 ./Drivers/STM32F4xx_HAL_Driver/Src/stm32f4xx_hal_tim.o
                0x000000000800823c                HAL_TIM_TriggerCallback
 .text.TIM_Base_SetConfig
                0x0000000008008250      0x100 ./Drivers/STM32F4xx_HAL_Driver/Src/stm32f4xx_hal_tim.o
                0x0000000008008250                TIM_Base_SetConfig
 .text.TIM_OC1_SetConfig
                0x0000000008008350      0x120 ./Drivers/STM32F4xx_HAL_Driver/Src/stm32f4xx_hal_tim.o
 .text.TIM_OC2_SetConfig
                0x0000000008008470      0x128 ./Drivers/STM32F4xx_HAL_Driver/Src/stm32f4xx_hal_tim.o
                0x0000000008008470                TIM_OC2_SetConfig
 .text.TIM_OC3_SetConfig
                0x0000000008008598      0x128 ./Drivers/STM32F4xx_HAL_Driver/Src/stm32f4xx_hal_tim.o
 .text.TIM_OC4_SetConfig
                0x00000000080086c0       0xbc ./Drivers/STM32F4xx_HAL_Driver/Src/stm32f4xx_hal_tim.o
 .text.HAL_TIMEx_MasterConfigSynchronization
                0x000000000800877c      0x17c ./Drivers/STM32F4xx_HAL_Driver/Src/stm32f4xx_hal_tim_ex.o
                0x000000000800877c                HAL_TIMEx_MasterConfigSynchronization
 .text.HAL_TIMEx_CommutCallback
                0x00000000080088f8       0x14 ./Drivers/STM32F4xx_HAL_Driver/Src/stm32f4xx_hal_tim_ex.o
                0x00000000080088f8                HAL_TIMEx_CommutCallback
 .text.HAL_TIMEx_BreakCallback
                0x000000000800890c       0x14 ./Drivers/STM32F4xx_HAL_Driver/Src/stm32f4xx_hal_tim_ex.o
                0x000000000800890c                HAL_TIMEx_BreakCallback
 .text.HAL_UART_Init
                0x0000000008008920      0x16c ./Drivers/STM32F4xx_HAL_Driver/Src/stm32f4xx_hal_uart.o
                0x0000000008008920                HAL_UART_Init
 .text.HAL_UART_Transmit
                0x0000000008008a8c      0x124 ./Drivers/STM32F4xx_HAL_Driver/Src/stm32f4xx_hal_uart.o
                0x0000000008008a8c                HAL_UART_Transmit
 .text.UART_WaitOnFlagUntilTimeout
                0x0000000008008bb0       0xdc ./Drivers/STM32F4xx_HAL_Driver/Src/stm32f4xx_hal_uart.o
 .text.UART_SetConfig
                0x0000000008008c8c      0x574 ./Drivers/STM32F4xx_HAL_Driver/Src/stm32f4xx_hal_uart.o
 .text.__libc_init_array
                0x0000000008009200       0x48 d:/users/hp/stm32cubeide_1.12.1/stm32cubeide/plugins/com.st.stm32cube.ide.mcu.externaltools.gnu-tools-for-stm32.10.3-2021.10.win32_1.0.200.202301161003/tools/bin/../lib/gcc/arm-none-eabi/10.3.1/../../../../arm-none-eabi/lib/thumb/v7e-m+fp/hard\libc_nano.a(lib_a-init.o)
                0x0000000008009200                __libc_init_array
 .text.memcpy   0x0000000008009248       0x1c d:/users/hp/stm32cubeide_1.12.1/stm32cubeide/plugins/com.st.stm32cube.ide.mcu.externaltools.gnu-tools-for-stm32.10.3-2021.10.win32_1.0.200.202301161003/tools/bin/../lib/gcc/arm-none-eabi/10.3.1/../../../../arm-none-eabi/lib/thumb/v7e-m+fp/hard\libc_nano.a(lib_a-memcpy-stub.o)
                0x0000000008009248                memcpy
 .text.memset   0x0000000008009264       0x10 d:/users/hp/stm32cubeide_1.12.1/stm32cubeide/plugins/com.st.stm32cube.ide.mcu.externaltools.gnu-tools-for-stm32.10.3-2021.10.win32_1.0.200.202301161003/tools/bin/../lib/gcc/arm-none-eabi/10.3.1/../../../../arm-none-eabi/lib/thumb/v7e-m+fp/hard\libc_nano.a(lib_a-memset.o)
                0x0000000008009264                memset
 *(.glue_7)
 .glue_7        0x0000000008009274        0x0 linker stubs
 *(.glue_7t)
 .glue_7t       0x0000000008009274        0x0 linker stubs
 *(.eh_frame)
 .eh_frame      0x0000000008009274        0x0 d:/users/hp/stm32cubeide_1.12.1/stm32cubeide/plugins/com.st.stm32cube.ide.mcu.externaltools.gnu-tools-for-stm32.10.3-2021.10.win32_1.0.200.202301161003/tools/bin/../lib/gcc/arm-none-eabi/10.3.1/thumb/v7e-m+fp/hard/crtbegin.o
 *(.init)
 .init          0x0000000008009274        0x4 d:/users/hp/stm32cubeide_1.12.1/stm32cubeide/plugins/com.st.stm32cube.ide.mcu.externaltools.gnu-tools-for-stm32.10.3-2021.10.win32_1.0.200.202301161003/tools/bin/../lib/gcc/arm-none-eabi/10.3.1/thumb/v7e-m+fp/hard/crti.o
                0x0000000008009274                _init
 .init          0x0000000008009278        0x8 d:/users/hp/stm32cubeide_1.12.1/stm32cubeide/plugins/com.st.stm32cube.ide.mcu.externaltools.gnu-tools-for-stm32.10.3-2021.10.win32_1.0.200.202301161003/tools/bin/../lib/gcc/arm-none-eabi/10.3.1/thumb/v7e-m+fp/hard/crtn.o
 *(.fini)
 .fini          0x0000000008009280        0x4 d:/users/hp/stm32cubeide_1.12.1/stm32cubeide/plugins/com.st.stm32cube.ide.mcu.externaltools.gnu-tools-for-stm32.10.3-2021.10.win32_1.0.200.202301161003/tools/bin/../lib/gcc/arm-none-eabi/10.3.1/thumb/v7e-m+fp/hard/crti.o
                0x0000000008009280                _fini
 .fini          0x0000000008009284        0x8 d:/users/hp/stm32cubeide_1.12.1/stm32cubeide/plugins/com.st.stm32cube.ide.mcu.externaltools.gnu-tools-for-stm32.10.3-2021.10.win32_1.0.200.202301161003/tools/bin/../lib/gcc/arm-none-eabi/10.3.1/thumb/v7e-m+fp/hard/crtn.o
                0x000000000800928c                . = ALIGN (0x4)
                0x000000000800928c                _etext = .

.vfp11_veneer   0x000000000800928c        0x0
 .vfp11_veneer  0x000000000800928c        0x0 linker stubs

.v4_bx          0x000000000800928c        0x0
 .v4_bx         0x000000000800928c        0x0 linker stubs

.iplt           0x000000000800928c        0x0
 .iplt          0x000000000800928c        0x0 d:/users/hp/stm32cubeide_1.12.1/stm32cubeide/plugins/com.st.stm32cube.ide.mcu.externaltools.gnu-tools-for-stm32.10.3-2021.10.win32_1.0.200.202301161003/tools/bin/../lib/gcc/arm-none-eabi/10.3.1/thumb/v7e-m+fp/hard/crtbegin.o

.rodata         0x000000000800928c     0x1634
                0x000000000800928c                . = ALIGN (0x4)
 *(.rodata)
 .rodata        0x000000000800928c      0x11f ./Core/Src/debug.o
 *fill*         0x00000000080093ab        0x1 
 .rodata        0x00000000080093ac      0x158 ./Core/Src/main.o
 .rodata        0x0000000008009504       0x3b ./Drivers/STM32F4xx_HAL_Driver/Src/stm32f4xx_hal_cortex.o
 *fill*         0x000000000800953f        0x1 
 .rodata        0x0000000008009540       0x39 ./Drivers/STM32F4xx_HAL_Driver/Src/stm32f4xx_hal_gpio.o
 *fill*         0x0000000008009579        0x3 
 .rodata        0x000000000800957c       0x38 ./Drivers/STM32F4xx_HAL_Driver/Src/stm32f4xx_hal_rcc.o
 .rodata        0x00000000080095b4       0x38 ./Drivers/STM32F4xx_HAL_Driver/Src/stm32f4xx_hal_spi.o
 .rodata        0x00000000080095ec       0x38 ./Drivers/STM32F4xx_HAL_Driver/Src/stm32f4xx_hal_tim.o
 .rodata        0x0000000008009624       0x3b ./Drivers/STM32F4xx_HAL_Driver/Src/stm32f4xx_hal_tim_ex.o
 *fill*         0x000000000800965f        0x1 
 .rodata        0x0000000008009660       0x39 ./Drivers/STM32F4xx_HAL_Driver/Src/stm32f4xx_hal_uart.o
 *(.rodata*)
 *fill*         0x0000000008009699        0x3 
 .rodata.AES_RCON
                0x000000000800969c       0x28 ./Core/Src/aes.o
 .rodata.AES_S  0x00000000080096c4      0x100 ./Core/Src/aes.o
 .rodata.AES_E1
                0x00000000080097c4      0x400 ./Core/Src/aes.o
 .rodata.AES_E2
                0x0000000008009bc4      0x400 ./Core/Src/aes.o
 .rodata.AES_E3
                0x0000000008009fc4      0x400 ./Core/Src/aes.o
 .rodata.AES_E4
                0x000000000800a3c4      0x400 ./Core/Src/aes.o
 .rodata._DR2RPS_CRC
                0x000000000800a7c4        0xa ./Core/Src/lmic.o
                0x000000000800a7c4                _DR2RPS_CRC
 *fill*         0x000000000800a7ce        0x2 
 .rodata.TXPOWLEVELS
                0x000000000800a7d0       0x10 ./Core/Src/lmic.o
 .rodata.SENSITIVITY
                0x000000000800a7e0       0x15 ./Core/Src/lmic.o
 *fill*         0x000000000800a7f5        0x3 
 .rodata.DRADJUST
                0x000000000800a7f8        0xa ./Core/Src/lmic.o
 *fill*         0x000000000800a802        0x2 
 .rodata.DR2HSYM_osticks
                0x000000000800a804       0x20 ./Core/Src/lmic.o
 .rodata.iniChannelFreq
                0x000000000800a824       0x30 ./Core/Src/lmic.o
 .rodata.APPEUI
                0x000000000800a854        0x8 ./Core/Src/main.o
 .rodata.DEVEUI
                0x000000000800a85c        0x8 ./Core/Src/main.o
 .rodata.DEVKEY
                0x000000000800a864       0x10 ./Core/Src/main.o
 .rodata.NWKSKEY
                0x000000000800a874       0x10 ./Core/Src/main.o
 .rodata.APPSKEY
                0x000000000800a884       0x10 ./Core/Src/main.o
 .rodata.rxlorairqmask
                0x000000000800a894        0x3 ./Core/Src/radio.o
 *fill*         0x000000000800a897        0x1 
 .rodata.LORA_RXDONE_FIXUP
                0x000000000800a898        0xe ./Core/Src/radio.o
 *fill*         0x000000000800a8a6        0x2 
 .rodata.AHBPrescTable
                0x000000000800a8a8       0x10 ./Core/Src/system_stm32f4xx.o
                0x000000000800a8a8                AHBPrescTable
 .rodata.APBPrescTable
                0x000000000800a8b8        0x8 ./Core/Src/system_stm32f4xx.o
                0x000000000800a8b8                APBPrescTable
                0x000000000800a8c0                . = ALIGN (0x4)

.ARM.extab      0x000000000800a8c0        0x0
                0x000000000800a8c0                . = ALIGN (0x4)
 *(.ARM.extab* .gnu.linkonce.armextab.*)
                0x000000000800a8c0                . = ALIGN (0x4)

.ARM            0x000000000800a8c0        0x8
                0x000000000800a8c0                . = ALIGN (0x4)
                0x000000000800a8c0                __exidx_start = .
 *(.ARM.exidx*)
 .ARM.exidx     0x000000000800a8c0        0x8 d:/users/hp/stm32cubeide_1.12.1/stm32cubeide/plugins/com.st.stm32cube.ide.mcu.externaltools.gnu-tools-for-stm32.10.3-2021.10.win32_1.0.200.202301161003/tools/bin/../lib/gcc/arm-none-eabi/10.3.1/thumb/v7e-m+fp/hard\libgcc.a(_udivmoddi4.o)
                0x000000000800a8c8                __exidx_end = .
                0x000000000800a8c8                . = ALIGN (0x4)

.rel.dyn        0x000000000800a8c8        0x0
 .rel.iplt      0x000000000800a8c8        0x0 d:/users/hp/stm32cubeide_1.12.1/stm32cubeide/plugins/com.st.stm32cube.ide.mcu.externaltools.gnu-tools-for-stm32.10.3-2021.10.win32_1.0.200.202301161003/tools/bin/../lib/gcc/arm-none-eabi/10.3.1/thumb/v7e-m+fp/hard/crtbegin.o

.preinit_array  0x000000000800a8c8        0x0
                0x000000000800a8c8                . = ALIGN (0x4)
                0x000000000800a8c8                PROVIDE (__preinit_array_start = .)
 *(.preinit_array*)
                0x000000000800a8c8                PROVIDE (__preinit_array_end = .)
                0x000000000800a8c8                . = ALIGN (0x4)

.init_array     0x000000000800a8c8        0x4
                0x000000000800a8c8                . = ALIGN (0x4)
                0x000000000800a8c8                PROVIDE (__init_array_start = .)
 *(SORT_BY_NAME(.init_array.*))
 *(.init_array*)
 .init_array    0x000000000800a8c8        0x4 d:/users/hp/stm32cubeide_1.12.1/stm32cubeide/plugins/com.st.stm32cube.ide.mcu.externaltools.gnu-tools-for-stm32.10.3-2021.10.win32_1.0.200.202301161003/tools/bin/../lib/gcc/arm-none-eabi/10.3.1/thumb/v7e-m+fp/hard/crtbegin.o
                0x000000000800a8cc                PROVIDE (__init_array_end = .)
                0x000000000800a8cc                . = ALIGN (0x4)

.fini_array     0x000000000800a8cc        0x4
                0x000000000800a8cc                . = ALIGN (0x4)
                [!provide]                        PROVIDE (__fini_array_start = .)
 *(SORT_BY_NAME(.fini_array.*))
 *(.fini_array*)
 .fini_array    0x000000000800a8cc        0x4 d:/users/hp/stm32cubeide_1.12.1/stm32cubeide/plugins/com.st.stm32cube.ide.mcu.externaltools.gnu-tools-for-stm32.10.3-2021.10.win32_1.0.200.202301161003/tools/bin/../lib/gcc/arm-none-eabi/10.3.1/thumb/v7e-m+fp/hard/crtbegin.o
                [!provide]                        PROVIDE (__fini_array_end = .)
                0x000000000800a8d0                . = ALIGN (0x4)
                0x000000000800a8d0                _sidata = LOADADDR (.data)

.data           0x0000000020000000       0x54 load address 0x000000000800a8d0
                0x0000000020000000                . = ALIGN (0x4)
                0x0000000020000000                _sdata = .
 *(.data)
 *(.data*)
 .data.evnames.0
                0x0000000020000000       0x48 ./Core/Src/debug.o
 .data.SystemCoreClock
                0x0000000020000048        0x4 ./Core/Src/system_stm32f4xx.o
                0x0000000020000048                SystemCoreClock
 .data.uwTickPrio
                0x000000002000004c        0x4 ./Drivers/STM32F4xx_HAL_Driver/Src/stm32f4xx_hal.o
                0x000000002000004c                uwTickPrio
 .data.uwTickFreq
                0x0000000020000050        0x1 ./Drivers/STM32F4xx_HAL_Driver/Src/stm32f4xx_hal.o
                0x0000000020000050                uwTickFreq
 *(.RamFunc)
 *(.RamFunc*)
                0x0000000020000054                . = ALIGN (0x4)
 *fill*         0x0000000020000051        0x3 
                0x0000000020000054                _edata = .

.igot.plt       0x0000000020000054        0x0 load address 0x000000000800a924
 .igot.plt      0x0000000020000054        0x0 d:/users/hp/stm32cubeide_1.12.1/stm32cubeide/plugins/com.st.stm32cube.ide.mcu.externaltools.gnu-tools-for-stm32.10.3-2021.10.win32_1.0.200.202301161003/tools/bin/../lib/gcc/arm-none-eabi/10.3.1/thumb/v7e-m+fp/hard/crtbegin.o
                0x0000000020000054                . = ALIGN (0x4)

.bss            0x0000000020000054      0x39c load address 0x000000000800a924
                0x0000000020000054                _sbss = .
                0x0000000020000054                __bss_start__ = _sbss
 *(.bss)
 .bss           0x0000000020000054       0x1c d:/users/hp/stm32cubeide_1.12.1/stm32cubeide/plugins/com.st.stm32cube.ide.mcu.externaltools.gnu-tools-for-stm32.10.3-2021.10.win32_1.0.200.202301161003/tools/bin/../lib/gcc/arm-none-eabi/10.3.1/thumb/v7e-m+fp/hard/crtbegin.o
 *(.bss*)
 .bss.AESAUX    0x0000000020000070       0x10 ./Core/Src/aes.o
                0x0000000020000070                AESAUX
 .bss.AESKEY    0x0000000020000080       0xb0 ./Core/Src/aes.o
                0x0000000020000080                AESKEY
 .bss.HAL       0x0000000020000130        0x8 ./Core/Src/hal.o
 .bss.LMIC      0x0000000020000138      0x1ac ./Core/Src/lmic.o
                0x0000000020000138                LMIC
 .bss.hspi1     0x00000000200002e4       0x58 ./Core/Src/main.o
                0x00000000200002e4                hspi1
 .bss.htim4     0x000000002000033c       0x48 ./Core/Src/main.o
                0x000000002000033c                htim4
 .bss.huart1    0x0000000020000384       0x44 ./Core/Src/main.o
                0x0000000020000384                huart1
 .bss.reportjob
                0x00000000200003c8        0xc ./Core/Src/main.o
 .bss.OS        0x00000000200003d4        0x8 ./Core/Src/oslmic.o
 .bss.randbuf   0x00000000200003dc       0x10 ./Core/Src/radio.o
 .bss.uwTick    0x00000000200003ec        0x4 ./Drivers/STM32F4xx_HAL_Driver/Src/stm32f4xx_hal.o
                0x00000000200003ec                uwTick
 *(COMMON)
                0x00000000200003f0                . = ALIGN (0x4)
                0x00000000200003f0                _ebss = .
                0x00000000200003f0                __bss_end__ = _ebss

._user_heap_stack
                0x00000000200003f0      0x600 load address 0x000000000800a924
                0x00000000200003f0                . = ALIGN (0x8)
                [!provide]                        PROVIDE (end = .)
                0x00000000200003f0                PROVIDE (_end = .)
                0x00000000200005f0                . = (. + _Min_Heap_Size)
 *fill*         0x00000000200003f0      0x200 
                0x00000000200009f0                . = (. + _Min_Stack_Size)
 *fill*         0x00000000200005f0      0x400 
                0x00000000200009f0                . = ALIGN (0x8)

/DISCARD/
 libc.a(*)
 libm.a(*)
 libgcc.a(*)

.ARM.attributes
                0x0000000000000000       0x30
 *(.ARM.attributes)
 .ARM.attributes
                0x0000000000000000       0x1e d:/users/hp/stm32cubeide_1.12.1/stm32cubeide/plugins/com.st.stm32cube.ide.mcu.externaltools.gnu-tools-for-stm32.10.3-2021.10.win32_1.0.200.202301161003/tools/bin/../lib/gcc/arm-none-eabi/10.3.1/thumb/v7e-m+fp/hard/crti.o
 .ARM.attributes
                0x000000000000001e       0x34 d:/users/hp/stm32cubeide_1.12.1/stm32cubeide/plugins/com.st.stm32cube.ide.mcu.externaltools.gnu-tools-for-stm32.10.3-2021.10.win32_1.0.200.202301161003/tools/bin/../lib/gcc/arm-none-eabi/10.3.1/thumb/v7e-m+fp/hard/crtbegin.o
 .ARM.attributes
                0x0000000000000052       0x34 ./Core/Src/aes.o
 .ARM.attributes
                0x0000000000000086       0x34 ./Core/Src/debug.o
 .ARM.attributes
                0x00000000000000ba       0x34 ./Core/Src/hal.o
 .ARM.attributes
                0x00000000000000ee       0x34 ./Core/Src/lmic.o
 .ARM.attributes
                0x0000000000000122       0x34 ./Core/Src/main.o
 .ARM.attributes
                0x0000000000000156       0x34 ./Core/Src/oslmic.o
 .ARM.attributes
                0x000000000000018a       0x34 ./Core/Src/radio.o
 .ARM.attributes
                0x00000000000001be       0x34 ./Core/Src/stm32f4xx_hal_msp.o
 .ARM.attributes
                0x00000000000001f2       0x34 ./Core/Src/stm32f4xx_it.o
 .ARM.attributes
                0x0000000000000226       0x34 ./Core/Src/system_stm32f4xx.o
 .ARM.attributes
                0x000000000000025a       0x21 ./Core/Startup/startup_stm32f411ceux.o
 .ARM.attributes
                0x000000000000027b       0x34 ./Drivers/STM32F4xx_HAL_Driver/Src/stm32f4xx_hal.o
 .ARM.attributes
                0x00000000000002af       0x34 ./Drivers/STM32F4xx_HAL_Driver/Src/stm32f4xx_hal_cortex.o
 .ARM.attributes
                0x00000000000002e3       0x34 ./Drivers/STM32F4xx_HAL_Driver/Src/stm32f4xx_hal_gpio.o
 .ARM.attributes
                0x0000000000000317       0x34 ./Drivers/STM32F4xx_HAL_Driver/Src/stm32f4xx_hal_rcc.o
 .ARM.attributes
                0x000000000000034b       0x34 ./Drivers/STM32F4xx_HAL_Driver/Src/stm32f4xx_hal_spi.o
 .ARM.attributes
                0x000000000000037f       0x34 ./Drivers/STM32F4xx_HAL_Driver/Src/stm32f4xx_hal_tim.o
 .ARM.attributes
                0x00000000000003b3       0x34 ./Drivers/STM32F4xx_HAL_Driver/Src/stm32f4xx_hal_tim_ex.o
 .ARM.attributes
                0x00000000000003e7       0x34 ./Drivers/STM32F4xx_HAL_Driver/Src/stm32f4xx_hal_uart.o
 .ARM.attributes
                0x000000000000041b       0x34 d:/users/hp/stm32cubeide_1.12.1/stm32cubeide/plugins/com.st.stm32cube.ide.mcu.externaltools.gnu-tools-for-stm32.10.3-2021.10.win32_1.0.200.202301161003/tools/bin/../lib/gcc/arm-none-eabi/10.3.1/../../../../arm-none-eabi/lib/thumb/v7e-m+fp/hard\libc_nano.a(lib_a-init.o)
 .ARM.attributes
                0x000000000000044f       0x34 d:/users/hp/stm32cubeide_1.12.1/stm32cubeide/plugins/com.st.stm32cube.ide.mcu.externaltools.gnu-tools-for-stm32.10.3-2021.10.win32_1.0.200.202301161003/tools/bin/../lib/gcc/arm-none-eabi/10.3.1/../../../../arm-none-eabi/lib/thumb/v7e-m+fp/hard\libc_nano.a(lib_a-memcpy-stub.o)
 .ARM.attributes
                0x0000000000000483       0x34 d:/users/hp/stm32cubeide_1.12.1/stm32cubeide/plugins/com.st.stm32cube.ide.mcu.externaltools.gnu-tools-for-stm32.10.3-2021.10.win32_1.0.200.202301161003/tools/bin/../lib/gcc/arm-none-eabi/10.3.1/../../../../arm-none-eabi/lib/thumb/v7e-m+fp/hard\libc_nano.a(lib_a-memset.o)
 .ARM.attributes
                0x00000000000004b7       0x1e d:/users/hp/stm32cubeide_1.12.1/stm32cubeide/plugins/com.st.stm32cube.ide.mcu.externaltools.gnu-tools-for-stm32.10.3-2021.10.win32_1.0.200.202301161003/tools/bin/../lib/gcc/arm-none-eabi/10.3.1/thumb/v7e-m+fp/hard\libgcc.a(_aeabi_ldivmod.o)
 .ARM.attributes
                0x00000000000004d5       0x1e d:/users/hp/stm32cubeide_1.12.1/stm32cubeide/plugins/com.st.stm32cube.ide.mcu.externaltools.gnu-tools-for-stm32.10.3-2021.10.win32_1.0.200.202301161003/tools/bin/../lib/gcc/arm-none-eabi/10.3.1/thumb/v7e-m+fp/hard\libgcc.a(_aeabi_uldivmod.o)
 .ARM.attributes
                0x00000000000004f3       0x34 d:/users/hp/stm32cubeide_1.12.1/stm32cubeide/plugins/com.st.stm32cube.ide.mcu.externaltools.gnu-tools-for-stm32.10.3-2021.10.win32_1.0.200.202301161003/tools/bin/../lib/gcc/arm-none-eabi/10.3.1/thumb/v7e-m+fp/hard\libgcc.a(_udivmoddi4.o)
 .ARM.attributes
                0x0000000000000527       0x1e d:/users/hp/stm32cubeide_1.12.1/stm32cubeide/plugins/com.st.stm32cube.ide.mcu.externaltools.gnu-tools-for-stm32.10.3-2021.10.win32_1.0.200.202301161003/tools/bin/../lib/gcc/arm-none-eabi/10.3.1/thumb/v7e-m+fp/hard\libgcc.a(_dvmd_tls.o)
 .ARM.attributes
                0x0000000000000545       0x1e d:/users/hp/stm32cubeide_1.12.1/stm32cubeide/plugins/com.st.stm32cube.ide.mcu.externaltools.gnu-tools-for-stm32.10.3-2021.10.win32_1.0.200.202301161003/tools/bin/../lib/gcc/arm-none-eabi/10.3.1/thumb/v7e-m+fp/hard/crtn.o
OUTPUT(FOREIGNER_BLACKPILL.elf elf32-littlearm)
LOAD linker stubs
LOAD d:/users/hp/stm32cubeide_1.12.1/stm32cubeide/plugins/com.st.stm32cube.ide.mcu.externaltools.gnu-tools-for-stm32.10.3-2021.10.win32_1.0.200.202301161003/tools/bin/../lib/gcc/arm-none-eabi/10.3.1/../../../../arm-none-eabi/lib/thumb/v7e-m+fp/hard\libc.a
LOAD d:/users/hp/stm32cubeide_1.12.1/stm32cubeide/plugins/com.st.stm32cube.ide.mcu.externaltools.gnu-tools-for-stm32.10.3-2021.10.win32_1.0.200.202301161003/tools/bin/../lib/gcc/arm-none-eabi/10.3.1/../../../../arm-none-eabi/lib/thumb/v7e-m+fp/hard\libm.a
LOAD d:/users/hp/stm32cubeide_1.12.1/stm32cubeide/plugins/com.st.stm32cube.ide.mcu.externaltools.gnu-tools-for-stm32.10.3-2021.10.win32_1.0.200.202301161003/tools/bin/../lib/gcc/arm-none-eabi/10.3.1/thumb/v7e-m+fp/hard\libgcc.a

.debug_info     0x0000000000000000    0x1576c
 .debug_info    0x0000000000000000      0x2f8 ./Core/Src/aes.o
 .debug_info    0x00000000000002f8      0xab6 ./Core/Src/debug.o
 .debug_info    0x0000000000000dae     0x10c5 ./Core/Src/hal.o
 .debug_info    0x0000000000001e73     0x2e4f ./Core/Src/lmic.o
 .debug_info    0x0000000000004cc2     0x22ab ./Core/Src/main.o
 .debug_info    0x0000000000006f6d      0x537 ./Core/Src/oslmic.o
 .debug_info    0x00000000000074a4     0x1016 ./Core/Src/radio.o
 .debug_info    0x00000000000084ba     0x123c ./Core/Src/stm32f4xx_hal_msp.o
 .debug_info    0x00000000000096f6      0x77c ./Core/Src/stm32f4xx_it.o
 .debug_info    0x0000000000009e72      0x54f ./Core/Src/system_stm32f4xx.o
 .debug_info    0x000000000000a3c1       0x22 ./Core/Startup/startup_stm32f411ceux.o
 .debug_info    0x000000000000a3e3      0x943 ./Drivers/STM32F4xx_HAL_Driver/Src/stm32f4xx_hal.o
 .debug_info    0x000000000000ad26      0xdc1 ./Drivers/STM32F4xx_HAL_Driver/Src/stm32f4xx_hal_cortex.o
 .debug_info    0x000000000000bae7      0x7ac ./Drivers/STM32F4xx_HAL_Driver/Src/stm32f4xx_hal_gpio.o
 .debug_info    0x000000000000c293      0x9ab ./Drivers/STM32F4xx_HAL_Driver/Src/stm32f4xx_hal_rcc.o
 .debug_info    0x000000000000cc3e     0x1768 ./Drivers/STM32F4xx_HAL_Driver/Src/stm32f4xx_hal_spi.o
 .debug_info    0x000000000000e3a6     0x2bec ./Drivers/STM32F4xx_HAL_Driver/Src/stm32f4xx_hal_tim.o
 .debug_info    0x0000000000010f92     0x160e ./Drivers/STM32F4xx_HAL_Driver/Src/stm32f4xx_hal_tim_ex.o
 .debug_info    0x00000000000125a0     0x31cc ./Drivers/STM32F4xx_HAL_Driver/Src/stm32f4xx_hal_uart.o

.debug_abbrev   0x0000000000000000     0x2cb9
 .debug_abbrev  0x0000000000000000      0x128 ./Core/Src/aes.o
 .debug_abbrev  0x0000000000000128      0x20f ./Core/Src/debug.o
 .debug_abbrev  0x0000000000000337      0x2fa ./Core/Src/hal.o
 .debug_abbrev  0x0000000000000631      0x4c8 ./Core/Src/lmic.o
 .debug_abbrev  0x0000000000000af9      0x3cb ./Core/Src/main.o
 .debug_abbrev  0x0000000000000ec4      0x1dd ./Core/Src/oslmic.o
 .debug_abbrev  0x00000000000010a1      0x2e1 ./Core/Src/radio.o
 .debug_abbrev  0x0000000000001382      0x1cc ./Core/Src/stm32f4xx_hal_msp.o
 .debug_abbrev  0x000000000000154e      0x1aa ./Core/Src/stm32f4xx_it.o
 .debug_abbrev  0x00000000000016f8      0x116 ./Core/Src/system_stm32f4xx.o
 .debug_abbrev  0x000000000000180e       0x12 ./Core/Startup/startup_stm32f411ceux.o
 .debug_abbrev  0x0000000000001820      0x247 ./Drivers/STM32F4xx_HAL_Driver/Src/stm32f4xx_hal.o
 .debug_abbrev  0x0000000000001a67      0x332 ./Drivers/STM32F4xx_HAL_Driver/Src/stm32f4xx_hal_cortex.o
 .debug_abbrev  0x0000000000001d99      0x1e0 ./Drivers/STM32F4xx_HAL_Driver/Src/stm32f4xx_hal_gpio.o
 .debug_abbrev  0x0000000000001f79      0x2bf ./Drivers/STM32F4xx_HAL_Driver/Src/stm32f4xx_hal_rcc.o
 .debug_abbrev  0x0000000000002238      0x283 ./Drivers/STM32F4xx_HAL_Driver/Src/stm32f4xx_hal_spi.o
 .debug_abbrev  0x00000000000024bb      0x26e ./Drivers/STM32F4xx_HAL_Driver/Src/stm32f4xx_hal_tim.o
 .debug_abbrev  0x0000000000002729      0x276 ./Drivers/STM32F4xx_HAL_Driver/Src/stm32f4xx_hal_tim_ex.o
 .debug_abbrev  0x000000000000299f      0x31a ./Drivers/STM32F4xx_HAL_Driver/Src/stm32f4xx_hal_uart.o

.debug_aranges  0x0000000000000000     0x1378
 .debug_aranges
                0x0000000000000000       0x28 ./Core/Src/aes.o
 .debug_aranges
                0x0000000000000028       0x78 ./Core/Src/debug.o
 .debug_aranges
                0x00000000000000a0       0xa8 ./Core/Src/hal.o
 .debug_aranges
                0x0000000000000148      0x380 ./Core/Src/lmic.o
 .debug_aranges
                0x00000000000004c8       0x98 ./Core/Src/main.o
 .debug_aranges
                0x0000000000000560       0x50 ./Core/Src/oslmic.o
 .debug_aranges
                0x00000000000005b0       0xc0 ./Core/Src/radio.o
 .debug_aranges
                0x0000000000000670       0x50 ./Core/Src/stm32f4xx_hal_msp.o
 .debug_aranges
                0x00000000000006c0       0x78 ./Core/Src/stm32f4xx_it.o
 .debug_aranges
                0x0000000000000738       0x28 ./Core/Src/system_stm32f4xx.o
 .debug_aranges
                0x0000000000000760       0x28 ./Core/Startup/startup_stm32f411ceux.o
 .debug_aranges
                0x0000000000000788       0xf0 ./Drivers/STM32F4xx_HAL_Driver/Src/stm32f4xx_hal.o
 .debug_aranges
                0x0000000000000878      0x118 ./Drivers/STM32F4xx_HAL_Driver/Src/stm32f4xx_hal_cortex.o
 .debug_aranges
                0x0000000000000990       0x58 ./Drivers/STM32F4xx_HAL_Driver/Src/stm32f4xx_hal_gpio.o
 .debug_aranges
                0x00000000000009e8       0x88 ./Drivers/STM32F4xx_HAL_Driver/Src/stm32f4xx_hal_rcc.o
 .debug_aranges
                0x0000000000000a70      0x1d0 ./Drivers/STM32F4xx_HAL_Driver/Src/stm32f4xx_hal_spi.o
 .debug_aranges
                0x0000000000000c40      0x3d0 ./Drivers/STM32F4xx_HAL_Driver/Src/stm32f4xx_hal_tim.o
 .debug_aranges
                0x0000000000001010      0x168 ./Drivers/STM32F4xx_HAL_Driver/Src/stm32f4xx_hal_tim_ex.o
 .debug_aranges
                0x0000000000001178      0x200 ./Drivers/STM32F4xx_HAL_Driver/Src/stm32f4xx_hal_uart.o

.debug_ranges   0x0000000000000000     0x12b0
 .debug_ranges  0x0000000000000000       0x18 ./Core/Src/aes.o
 .debug_ranges  0x0000000000000018       0x68 ./Core/Src/debug.o
 .debug_ranges  0x0000000000000080       0x98 ./Core/Src/hal.o
 .debug_ranges  0x0000000000000118      0x3a0 ./Core/Src/lmic.o
 .debug_ranges  0x00000000000004b8       0x88 ./Core/Src/main.o
 .debug_ranges  0x0000000000000540       0x40 ./Core/Src/oslmic.o
 .debug_ranges  0x0000000000000580       0xb0 ./Core/Src/radio.o
 .debug_ranges  0x0000000000000630       0x40 ./Core/Src/stm32f4xx_hal_msp.o
 .debug_ranges  0x0000000000000670       0x68 ./Core/Src/stm32f4xx_it.o
 .debug_ranges  0x00000000000006d8       0x18 ./Core/Src/system_stm32f4xx.o
 .debug_ranges  0x00000000000006f0       0x20 ./Core/Startup/startup_stm32f411ceux.o
 .debug_ranges  0x0000000000000710       0xe0 ./Drivers/STM32F4xx_HAL_Driver/Src/stm32f4xx_hal.o
 .debug_ranges  0x00000000000007f0      0x108 ./Drivers/STM32F4xx_HAL_Driver/Src/stm32f4xx_hal_cortex.o
 .debug_ranges  0x00000000000008f8       0x48 ./Drivers/STM32F4xx_HAL_Driver/Src/stm32f4xx_hal_gpio.o
 .debug_ranges  0x0000000000000940       0x78 ./Drivers/STM32F4xx_HAL_Driver/Src/stm32f4xx_hal_rcc.o
 .debug_ranges  0x00000000000009b8      0x1c0 ./Drivers/STM32F4xx_HAL_Driver/Src/stm32f4xx_hal_spi.o
 .debug_ranges  0x0000000000000b78      0x3c0 ./Drivers/STM32F4xx_HAL_Driver/Src/stm32f4xx_hal_tim.o
 .debug_ranges  0x0000000000000f38      0x158 ./Drivers/STM32F4xx_HAL_Driver/Src/stm32f4xx_hal_tim_ex.o
 .debug_ranges  0x0000000000001090      0x220 ./Drivers/STM32F4xx_HAL_Driver/Src/stm32f4xx_hal_uart.o

.debug_macro    0x0000000000000000    0x17516
 .debug_macro   0x0000000000000000      0x159 ./Core/Src/aes.o
 .debug_macro   0x0000000000000159      0xa84 ./Core/Src/aes.o
 .debug_macro   0x0000000000000bdd       0x22 ./Core/Src/aes.o
 .debug_macro   0x0000000000000bff       0x4c ./Core/Src/aes.o
 .debug_macro   0x0000000000000c4b       0x1e ./Core/Src/aes.o
 .debug_macro   0x0000000000000c69       0x94 ./Core/Src/aes.o
 .debug_macro   0x0000000000000cfd       0x3c ./Core/Src/aes.o
 .debug_macro   0x0000000000000d39       0x34 ./Core/Src/aes.o
 .debug_macro   0x0000000000000d6d      0x174 ./Core/Src/aes.o
 .debug_macro   0x0000000000000ee1       0x16 ./Core/Src/aes.o
 .debug_macro   0x0000000000000ef7       0x43 ./Core/Src/aes.o
 .debug_macro   0x0000000000000f3a       0x57 ./Core/Src/aes.o
 .debug_macro   0x0000000000000f91       0x34 ./Core/Src/aes.o
 .debug_macro   0x0000000000000fc5       0x10 ./Core/Src/aes.o
 .debug_macro   0x0000000000000fd5       0x58 ./Core/Src/aes.o
 .debug_macro   0x000000000000102d       0x71 ./Core/Src/aes.o
 .debug_macro   0x000000000000109e       0x1c ./Core/Src/aes.o
 .debug_macro   0x00000000000010ba      0x12a ./Core/Src/aes.o
 .debug_macro   0x00000000000011e4      0x341 ./Core/Src/aes.o
 .debug_macro   0x0000000000001525       0x10 ./Core/Src/aes.o
 .debug_macro   0x0000000000001535       0x35 ./Core/Src/aes.o
 .debug_macro   0x000000000000156a       0x20 ./Core/Src/aes.o
 .debug_macro   0x000000000000158a       0xea ./Core/Src/aes.o
 .debug_macro   0x0000000000001674      0x2f4 ./Core/Src/debug.o
 .debug_macro   0x0000000000001968      0x2a8 ./Core/Src/debug.o
 .debug_macro   0x0000000000001c10       0x2e ./Core/Src/debug.o
 .debug_macro   0x0000000000001c3e       0x28 ./Core/Src/debug.o
 .debug_macro   0x0000000000001c66       0x8e ./Core/Src/debug.o
 .debug_macro   0x0000000000001cf4       0x51 ./Core/Src/debug.o
 .debug_macro   0x0000000000001d45      0x103 ./Core/Src/debug.o
 .debug_macro   0x0000000000001e48       0x6a ./Core/Src/debug.o
 .debug_macro   0x0000000000001eb2      0x1df ./Core/Src/debug.o
 .debug_macro   0x0000000000002091       0x1c ./Core/Src/debug.o
 .debug_macro   0x00000000000020ad       0x22 ./Core/Src/debug.o
 .debug_macro   0x00000000000020cf       0xd9 ./Core/Src/debug.o
 .debug_macro   0x00000000000021a8     0x102d ./Core/Src/debug.o
 .debug_macro   0x00000000000031d5      0x11f ./Core/Src/debug.o
 .debug_macro   0x00000000000032f4     0xb953 ./Core/Src/debug.o
 .debug_macro   0x000000000000ec47       0x6d ./Core/Src/debug.o
 .debug_macro   0x000000000000ecb4     0x367e ./Core/Src/debug.o
 .debug_macro   0x0000000000012332       0x5c ./Core/Src/debug.o
 .debug_macro   0x000000000001238e      0x447 ./Core/Src/debug.o
 .debug_macro   0x00000000000127d5      0x9fe ./Core/Src/debug.o
 .debug_macro   0x00000000000131d3      0x115 ./Core/Src/debug.o
 .debug_macro   0x00000000000132e8      0x11b ./Core/Src/debug.o
 .debug_macro   0x0000000000013403       0xa5 ./Core/Src/debug.o
 .debug_macro   0x00000000000134a8      0x15f ./Core/Src/debug.o
 .debug_macro   0x0000000000013607      0x287 ./Core/Src/debug.o
 .debug_macro   0x000000000001388e       0x5f ./Core/Src/debug.o
 .debug_macro   0x00000000000138ed      0x236 ./Core/Src/debug.o
 .debug_macro   0x0000000000013b23      0x132 ./Core/Src/debug.o
 .debug_macro   0x0000000000013c55      0x264 ./Core/Src/debug.o
 .debug_macro   0x0000000000013eb9       0x2e ./Core/Src/debug.o
 .debug_macro   0x0000000000013ee7      0x11a ./Core/Src/debug.o
 .debug_macro   0x0000000000014001       0x85 ./Core/Src/debug.o
 .debug_macro   0x0000000000014086       0x89 ./Core/Src/debug.o
 .debug_macro   0x000000000001410f      0x225 ./Core/Src/debug.o
 .debug_macro   0x0000000000014334      0x8e6 ./Core/Src/debug.o
 .debug_macro   0x0000000000014c1a       0x47 ./Core/Src/debug.o
 .debug_macro   0x0000000000014c61      0x295 ./Core/Src/debug.o
 .debug_macro   0x0000000000014ef6      0x126 ./Core/Src/debug.o
 .debug_macro   0x000000000001501c       0x5e ./Core/Src/debug.o
 .debug_macro   0x000000000001507a       0x52 ./Core/Src/debug.o
 .debug_macro   0x00000000000150cc       0x11 ./Core/Src/debug.o
 .debug_macro   0x00000000000150dd       0x1d ./Core/Src/debug.o
 .debug_macro   0x00000000000150fa      0x2f0 ./Core/Src/hal.o
 .debug_macro   0x00000000000153ea       0x56 ./Core/Src/hal.o
 .debug_macro   0x0000000000015440      0x1c8 ./Core/Src/lmic.o
 .debug_macro   0x0000000000015608      0x2ee ./Core/Src/main.o
 .debug_macro   0x00000000000158f6      0x13a ./Core/Src/oslmic.o
 .debug_macro   0x0000000000015a30      0x5db ./Core/Src/radio.o
 .debug_macro   0x000000000001600b      0x1e7 ./Core/Src/stm32f4xx_hal_msp.o
 .debug_macro   0x00000000000161f2      0x1f1 ./Core/Src/stm32f4xx_it.o
 .debug_macro   0x00000000000163e3      0x1d8 ./Core/Src/system_stm32f4xx.o
 .debug_macro   0x00000000000165bb      0x238 ./Drivers/STM32F4xx_HAL_Driver/Src/stm32f4xx_hal.o
 .debug_macro   0x00000000000167f3      0x1d8 ./Drivers/STM32F4xx_HAL_Driver/Src/stm32f4xx_hal_cortex.o
 .debug_macro   0x00000000000169cb      0x1de ./Drivers/STM32F4xx_HAL_Driver/Src/stm32f4xx_hal_gpio.o
 .debug_macro   0x0000000000016ba9      0x1fc ./Drivers/STM32F4xx_HAL_Driver/Src/stm32f4xx_hal_rcc.o
 .debug_macro   0x0000000000016da5      0x1e7 ./Drivers/STM32F4xx_HAL_Driver/Src/stm32f4xx_hal_spi.o
 .debug_macro   0x0000000000016f8c      0x1d9 ./Drivers/STM32F4xx_HAL_Driver/Src/stm32f4xx_hal_tim.o
 .debug_macro   0x0000000000017165      0x1d8 ./Drivers/STM32F4xx_HAL_Driver/Src/stm32f4xx_hal_tim_ex.o
 .debug_macro   0x000000000001733d      0x1d9 ./Drivers/STM32F4xx_HAL_Driver/Src/stm32f4xx_hal_uart.o

.debug_line     0x0000000000000000    0x16466
 .debug_line    0x0000000000000000      0x7e6 ./Core/Src/aes.o
 .debug_line    0x00000000000007e6      0xae8 ./Core/Src/debug.o
 .debug_line    0x00000000000012ce      0xb1e ./Core/Src/hal.o
 .debug_line    0x0000000000001dec     0x244f ./Core/Src/lmic.o
 .debug_line    0x000000000000423b      0xb9a ./Core/Src/main.o
 .debug_line    0x0000000000004dd5      0x6a1 ./Core/Src/oslmic.o
 .debug_line    0x0000000000005476      0xa8e ./Core/Src/radio.o
 .debug_line    0x0000000000005f04      0x7c7 ./Core/Src/stm32f4xx_hal_msp.o
 .debug_line    0x00000000000066cb      0x7fe ./Core/Src/stm32f4xx_it.o
 .debug_line    0x0000000000006ec9      0x774 ./Core/Src/system_stm32f4xx.o
 .debug_line    0x000000000000763d       0x88 ./Core/Startup/startup_stm32f411ceux.o
 .debug_line    0x00000000000076c5      0x9ee ./Drivers/STM32F4xx_HAL_Driver/Src/stm32f4xx_hal.o
 .debug_line    0x00000000000080b3      0xe4e ./Drivers/STM32F4xx_HAL_Driver/Src/stm32f4xx_hal_cortex.o
 .debug_line    0x0000000000008f01      0xcb1 ./Drivers/STM32F4xx_HAL_Driver/Src/stm32f4xx_hal_gpio.o
 .debug_line    0x0000000000009bb2      0xf0e ./Drivers/STM32F4xx_HAL_Driver/Src/stm32f4xx_hal_rcc.o
 .debug_line    0x000000000000aac0     0x1dfe ./Drivers/STM32F4xx_HAL_Driver/Src/stm32f4xx_hal_spi.o
 .debug_line    0x000000000000c8be     0x51f1 ./Drivers/STM32F4xx_HAL_Driver/Src/stm32f4xx_hal_tim.o
 .debug_line    0x0000000000011aaf     0x1db9 ./Drivers/STM32F4xx_HAL_Driver/Src/stm32f4xx_hal_tim_ex.o
 .debug_line    0x0000000000013868     0x2bfe ./Drivers/STM32F4xx_HAL_Driver/Src/stm32f4xx_hal_uart.o

.debug_str      0x0000000000000000    0x920a3
 .debug_str     0x0000000000000000     0x69fd ./Core/Src/aes.o
                                       0x6b12 (size before relaxing)
 .debug_str     0x00000000000069fd    0x85129 ./Core/Src/debug.o
                                      0x8bb63 (size before relaxing)
 .debug_str     0x000000000008bb26      0x73b ./Core/Src/hal.o
                                      0x8c039 (size before relaxing)
 .debug_str     0x000000000008c261     0x16b9 ./Core/Src/lmic.o
                                       0x8415 (size before relaxing)
 .debug_str     0x000000000008d91a      0x82b ./Core/Src/main.o
                                      0x8cdf8 (size before relaxing)
 .debug_str     0x000000000008e145       0x4b ./Core/Src/oslmic.o
                                       0x6c5e (size before relaxing)
 .debug_str     0x000000000008e190     0x120c ./Core/Src/radio.o
                                       0x81b8 (size before relaxing)
 .debug_str     0x000000000008f39c       0xd1 ./Core/Src/stm32f4xx_hal_msp.o
                                      0x88e17 (size before relaxing)
 .debug_str     0x000000000008f46d      0x12b ./Core/Src/stm32f4xx_it.o
                                      0x885b3 (size before relaxing)
 .debug_str     0x000000000008f598       0xdb ./Core/Src/system_stm32f4xx.o
                                      0x87ff5 (size before relaxing)
 .debug_str     0x000000000008f673       0x36 ./Core/Startup/startup_stm32f411ceux.o
                                         0x66 (size before relaxing)
 .debug_str     0x000000000008f6a9      0x60d ./Drivers/STM32F4xx_HAL_Driver/Src/stm32f4xx_hal.o
                                      0x88a41 (size before relaxing)
 .debug_str     0x000000000008fcb6      0x322 ./Drivers/STM32F4xx_HAL_Driver/Src/stm32f4xx_hal_cortex.o
                                      0x88764 (size before relaxing)
 .debug_str     0x000000000008ffd8       0xf1 ./Drivers/STM32F4xx_HAL_Driver/Src/stm32f4xx_hal_gpio.o
                                      0x8817e (size before relaxing)
 .debug_str     0x00000000000900c9      0x233 ./Drivers/STM32F4xx_HAL_Driver/Src/stm32f4xx_hal_rcc.o
                                      0x88437 (size before relaxing)
 .debug_str     0x00000000000902fc      0x585 ./Drivers/STM32F4xx_HAL_Driver/Src/stm32f4xx_hal_spi.o
                                      0x888b5 (size before relaxing)
 .debug_str     0x0000000000090881      0xda7 ./Drivers/STM32F4xx_HAL_Driver/Src/stm32f4xx_hal_tim.o
                                      0x8937d (size before relaxing)
 .debug_str     0x0000000000091628      0x493 ./Drivers/STM32F4xx_HAL_Driver/Src/stm32f4xx_hal_tim_ex.o
                                      0x88b99 (size before relaxing)
 .debug_str     0x0000000000091abb      0x5e8 ./Drivers/STM32F4xx_HAL_Driver/Src/stm32f4xx_hal_uart.o
                                      0x889c4 (size before relaxing)

.comment        0x0000000000000000       0x50
 .comment       0x0000000000000000       0x50 ./Core/Src/aes.o
                                         0x51 (size before relaxing)
 .comment       0x0000000000000050       0x51 ./Core/Src/debug.o
 .comment       0x0000000000000050       0x51 ./Core/Src/hal.o
 .comment       0x0000000000000050       0x51 ./Core/Src/lmic.o
 .comment       0x0000000000000050       0x51 ./Core/Src/main.o
 .comment       0x0000000000000050       0x51 ./Core/Src/oslmic.o
 .comment       0x0000000000000050       0x51 ./Core/Src/radio.o
 .comment       0x0000000000000050       0x51 ./Core/Src/stm32f4xx_hal_msp.o
 .comment       0x0000000000000050       0x51 ./Core/Src/stm32f4xx_it.o
 .comment       0x0000000000000050       0x51 ./Core/Src/system_stm32f4xx.o
 .comment       0x0000000000000050       0x51 ./Drivers/STM32F4xx_HAL_Driver/Src/stm32f4xx_hal.o
 .comment       0x0000000000000050       0x51 ./Drivers/STM32F4xx_HAL_Driver/Src/stm32f4xx_hal_cortex.o
 .comment       0x0000000000000050       0x51 ./Drivers/STM32F4xx_HAL_Driver/Src/stm32f4xx_hal_gpio.o
 .comment       0x0000000000000050       0x51 ./Drivers/STM32F4xx_HAL_Driver/Src/stm32f4xx_hal_rcc.o
 .comment       0x0000000000000050       0x51 ./Drivers/STM32F4xx_HAL_Driver/Src/stm32f4xx_hal_spi.o
 .comment       0x0000000000000050       0x51 ./Drivers/STM32F4xx_HAL_Driver/Src/stm32f4xx_hal_tim.o
 .comment       0x0000000000000050       0x51 ./Drivers/STM32F4xx_HAL_Driver/Src/stm32f4xx_hal_tim_ex.o
 .comment       0x0000000000000050       0x51 ./Drivers/STM32F4xx_HAL_Driver/Src/stm32f4xx_hal_uart.o

.debug_frame    0x0000000000000000     0x52ec
 .debug_frame   0x0000000000000000       0x60 ./Core/Src/aes.o
 .debug_frame   0x0000000000000060      0x1bc ./Core/Src/debug.o
 .debug_frame   0x000000000000021c      0x278 ./Core/Src/hal.o
 .debug_frame   0x0000000000000494      0xfd4 ./Core/Src/lmic.o
 .debug_frame   0x0000000000001468      0x24c ./Core/Src/main.o
 .debug_frame   0x00000000000016b4       0xfc ./Core/Src/oslmic.o
 .debug_frame   0x00000000000017b0      0x2f8 ./Core/Src/radio.o
 .debug_frame   0x0000000000001aa8      0x110 ./Core/Src/stm32f4xx_hal_msp.o
 .debug_frame   0x0000000000001bb8      0x158 ./Core/Src/stm32f4xx_it.o
 .debug_frame   0x0000000000001d10       0x58 ./Core/Src/system_stm32f4xx.o
 .debug_frame   0x0000000000001d68      0x374 ./Drivers/STM32F4xx_HAL_Driver/Src/stm32f4xx_hal.o
 .debug_frame   0x00000000000020dc      0x494 ./Drivers/STM32F4xx_HAL_Driver/Src/stm32f4xx_hal_cortex.o
 .debug_frame   0x0000000000002570      0x138 ./Drivers/STM32F4xx_HAL_Driver/Src/stm32f4xx_hal_gpio.o
 .debug_frame   0x00000000000026a8      0x1f8 ./Drivers/STM32F4xx_HAL_Driver/Src/stm32f4xx_hal_rcc.o
 .debug_frame   0x00000000000028a0      0x824 ./Drivers/STM32F4xx_HAL_Driver/Src/stm32f4xx_hal_spi.o
 .debug_frame   0x00000000000030c4     0x11d0 ./Drivers/STM32F4xx_HAL_Driver/Src/stm32f4xx_hal_tim.o
 .debug_frame   0x0000000000004294      0x620 ./Drivers/STM32F4xx_HAL_Driver/Src/stm32f4xx_hal_tim_ex.o
 .debug_frame   0x00000000000048b4      0x920 ./Drivers/STM32F4xx_HAL_Driver/Src/stm32f4xx_hal_uart.o
 .debug_frame   0x00000000000051d4       0x2c d:/users/hp/stm32cubeide_1.12.1/stm32cubeide/plugins/com.st.stm32cube.ide.mcu.externaltools.gnu-tools-for-stm32.10.3-2021.10.win32_1.0.200.202301161003/tools/bin/../lib/gcc/arm-none-eabi/10.3.1/../../../../arm-none-eabi/lib/thumb/v7e-m+fp/hard\libc_nano.a(lib_a-init.o)
 .debug_frame   0x0000000000005200       0x28 d:/users/hp/stm32cubeide_1.12.1/stm32cubeide/plugins/com.st.stm32cube.ide.mcu.externaltools.gnu-tools-for-stm32.10.3-2021.10.win32_1.0.200.202301161003/tools/bin/../lib/gcc/arm-none-eabi/10.3.1/../../../../arm-none-eabi/lib/thumb/v7e-m+fp/hard\libc_nano.a(lib_a-memcpy-stub.o)
 .debug_frame   0x0000000000005228       0x20 d:/users/hp/stm32cubeide_1.12.1/stm32cubeide/plugins/com.st.stm32cube.ide.mcu.externaltools.gnu-tools-for-stm32.10.3-2021.10.win32_1.0.200.202301161003/tools/bin/../lib/gcc/arm-none-eabi/10.3.1/../../../../arm-none-eabi/lib/thumb/v7e-m+fp/hard\libc_nano.a(lib_a-memset.o)
 .debug_frame   0x0000000000005248       0x44 d:/users/hp/stm32cubeide_1.12.1/stm32cubeide/plugins/com.st.stm32cube.ide.mcu.externaltools.gnu-tools-for-stm32.10.3-2021.10.win32_1.0.200.202301161003/tools/bin/../lib/gcc/arm-none-eabi/10.3.1/thumb/v7e-m+fp/hard\libgcc.a(_aeabi_ldivmod.o)
 .debug_frame   0x000000000000528c       0x2c d:/users/hp/stm32cubeide_1.12.1/stm32cubeide/plugins/com.st.stm32cube.ide.mcu.externaltools.gnu-tools-for-stm32.10.3-2021.10.win32_1.0.200.202301161003/tools/bin/../lib/gcc/arm-none-eabi/10.3.1/thumb/v7e-m+fp/hard\libgcc.a(_aeabi_uldivmod.o)
 .debug_frame   0x00000000000052b8       0x34 d:/users/hp/stm32cubeide_1.12.1/stm32cubeide/plugins/com.st.stm32cube.ide.mcu.externaltools.gnu-tools-for-stm32.10.3-2021.10.win32_1.0.200.202301161003/tools/bin/../lib/gcc/arm-none-eabi/10.3.1/thumb/v7e-m+fp/hard\libgcc.a(_udivmoddi4.o)
